10 0.0115953 0.00231679 0.0116403 0.0029462
11 0.0261004 0.0051171 0.0262116 0.00652806
12 0.0478849 0.00934844 0.0480844 0.0119456
13 0.0720298 0.0142501 0.0722814 0.0182128
14 0.0907855 0.0186178 0.0909677 0.0237642
15 0.098507 0.0215504 0.0984666 0.027437
16 0.0952302 0.0230014 0.0948845 0.0291913
17 0.0852949 0.023577 0.0846797 0.0298362
18 0.0738683 0.0239314 0.0730949 0.0302323
19 0.0653931 0.024618 0.0645566 0.0310851
20 0.0621755 0.0257616 0.061316 0.0325354
21 0.0645676 0.0271566 0.0636962 0.0343071
22 0.0704875 0.0283528 0.0696157 0.035824
23 0.0775113 0.02906 0.0766599 0.0367244
24 0.0847846 0.0293866 0.0839756 0.0371586
25 0.0918318 0.0295138 0.0910813 0.0373628
26 0.0985735 0.0296497 0.0978859 0.0376001
27 0.104963 0.0299426 0.104331 0.038051
28 0.110797 0.0304418 0.110206 0.0387679
29 0.115811 0.0311137 0.115243 0.0396973
30 0.119779 0.0319125 0.119216 0.0407761
31 0.122619 0.0327893 0.122047 0.041942
32 0.124416 0.0336974 0.123824 0.0431387
33 0.125339 0.0345888 0.124721 0.0443072
34 0.125595 0.0354301 0.12495 0.0454054
35 0.125526 0.0362921 0.12485 0.0465208
36 0.12514 0.0370718 0.124436 0.0475236
37 0.124518 0.0377392 0.123793 0.0483759
38 0.123709 0.0382771 0.122969 0.0490565
39 0.122788 0.038681 0.122042 0.0495601
40 0.121819 0.0389473 0.121075 0.049883
41 0.120808 0.0390837 0.120077 0.0500369
42 0.119765 0.0390957 0.119053 0.0500291
43 0.11868 0.03899 0.117996 0.0498682
44 0.117526 0.0387752 0.116875 0.0495649
45 0.116268 0.0384594 0.115655 0.0491294
46 0.114872 0.038052 0.114301 0.0485735
47 0.113318 0.0375633 0.112791 0.0479106
48 0.111611 0.0370062 0.111129 0.0471575
49 0.109772 0.036396 0.109335 0.0463338
50 0.107833 0.0357489 0.10744 0.0454607
51 0.105825 0.0350802 0.105475 0.0445579
53 0.101666 0.0337234 0.101395 0.0427201
55 0.0972979 0.032374 0.0970947 0.0408815
57 0.0926757 0.0310335 0.0925295 0.0390455
59 0.0878278 0.0296913 0.0877303 0.037204
61 0.0829048 0.0283435 0.0828503 0.0353576
63 0.0781988 0.0270306 0.0781815 0.0335598
65 0.0735598 0.0256735 0.0735785 0.0317139
67 0.0691357 0.02438 0.0691834 0.029958
69 0.0648549 0.0230856 0.0649289 0.0282132
71 0.0607635 0.0218013 0.0608616 0.0264944
73 0.0568942 0.0205474 0.0570139 0.0248276
75 0.0532343 0.0193312 0.0533727 0.0232214
77 0.0497695 0.0181558 0.0499231 0.0216791
79 0.046499 0.0170281 0.0466645 0.0202087
81 0.0434242 0.0159554 0.0435984 0.0188182
83 0.0405419 0.0149419 0.040722 0.0175115
85 0.0378495 0.0139894 0.0380327 0.0162896
87 0.0353455 0.013099 0.0355293 0.0151528
89 0.0330248 0.0122706 0.033207 0.0141001
91 0.0308808 0.0115029 0.0310595 0.0131286
93 0.028911 0.0107952 0.0290847 0.0122366
95 0.0271129 0.0101472 0.0272804 0.0114225
97 0.025477 0.00955645 0.0256373 0.0106828
99 0.0239901 0.00901974 0.0241424 0.0100126
101 0.0226402 0.00853432 0.0227841 0.00940775
106 0.0197989 0.0075167 0.0199215 0.00814324
111 0.017689 0.00676944 0.0177892 0.00721647
116 0.0161347 0.00622927 0.0162146 0.00654418
121 0.0150238 0.00586122 0.0150861 0.00608009
126 0.0142702 0.00563438 0.0143173 0.00578453
131 0.0138089 0.00551814 0.0138436 0.00561954
136 0.0135868 0.00548848 0.0136118 0.00555574
141 0.0135432 0.00552152 0.0135607 0.00556538
146 0.0136339 0.00559895 0.0136458 0.00562724
151 0.0138222 0.0057044 0.0138304 0.00572256
156 0.0140618 0.0058207 0.0140673 0.00583263
161 0.0142879 0.00592574 0.0142915 0.00593415
166 0.0144406 0.00599602 0.014443 0.00600283
171 0.0144604 0.00600912 0.0144622 0.00601557
176 0.0142863 0.00594142 0.0142878 0.00594806
181 0.0138716 0.00577509 0.0138729 0.00578221
186 0.0131836 0.00549487 0.0131848 0.0055027
191 0.0122015 0.0050892 0.0122028 0.00509758
196 0.0109451 0.00457185 0.0109463 0.00458009
