10 0.0128488 0.00233082 0.0129025 0.00297078
11 0.0288505 0.00513584 0.0289804 0.00656747
12 0.052665 0.00935849 0.0528953 0.0119869
13 0.0786299 0.0142356 0.0789202 0.0182371
14 0.0981022 0.0185813 0.0983194 0.0237719
15 0.105072 0.0215143 0.105052 0.0274512
16 0.100068 0.022991 0.099726 0.0292372
17 0.0882792 0.0235941 0.087659 0.0299092
18 0.075478 0.0239608 0.0747008 0.030308
19 0.0662581 0.0246382 0.0654245 0.0311349
20 0.0627732 0.0257512 0.0619233 0.0325347
21 0.0652292 0.0271036 0.0643716 0.0342453
22 0.0713901 0.0282529 0.0705332 0.0356999
23 0.0787431 0.0289273 0.0779058 0.0365595
24 0.0864079 0.0292419 0.0856105 0.0369822
25 0.093853 0.0293712 0.093111 0.037194
26 0.100955 0.0295153 0.100272 0.0374466
27 0.107623 0.0298155 0.106993 0.0379105
28 0.113627 0.0303184 0.113035 0.0386341
29 0.118693 0.0309914 0.118122 0.0395656
30 0.122602 0.0317897 0.122036 0.0406436
31 0.125292 0.0326649 0.124715 0.0418071
32 0.126871 0.03357 0.126274 0.042999
33 0.127536 0.0344568 0.126914 0.0441605
34 0.127519 0.0352941 0.126871 0.0452523
35 0.127174 0.0361516 0.126496 0.0463602
36 0.126521 0.0369271 0.125817 0.0473555
37 0.125649 0.037592 0.124923 0.0482024
38 0.124609 0.0381299 0.12387 0.0488807
39 0.12348 0.0385373 0.122736 0.0493865
40 0.122329 0.0388117 0.121588 0.0497175
41 0.121165 0.0389619 0.120435 0.0498869
42 0.119992 0.0389937 0.119283 0.0499026
43 0.118803 0.0389144 0.118121 0.0497737
44 0.117574 0.0387335 0.116924 0.0495125
45 0.116268 0.0384594 0.115655 0.0491294
46 0.114854 0.0381018 0.114282 0.0486365
47 0.113312 0.037671 0.112782 0.0480473
48 0.111644 0.0371792 0.111156 0.0473775
49 0.109871 0.0366414 0.109426 0.0466465
50 0.108024 0.0360736 0.107621 0.0458752
51 0.106131 0.0354907 0.105769 0.0450824
53 0.10228 0.0343245 0.10199 0.0434897
55 0.0982935 0.0331852 0.0980648 0.0419209
57 0.0941074 0.0320688 0.0939298 0.0403722
59 0.0897441 0.0309608 0.0896095 0.0388301
61 0.0853289 0.0298521 0.0852321 0.0372882
63 0.0811399 0.0287781 0.081076 0.0357932
65 0.0770209 0.0276573 0.0769896 0.0342443
67 0.0731147 0.0265949 0.0731098 0.0327766
69 0.0693333 0.025523 0.069353 0.0313063
71 0.065714 0.0244487 0.0657569 0.0298439
73 0.0622927 0.0233915 0.0623571 0.0284142
75 0.0590486 0.0223576 0.0591324 0.0270248
77 0.0559599 0.0213497 0.0560606 0.0256783
79 0.0530178 0.0203706 0.0531327 0.024378
81 0.0502267 0.0194257 0.0503533 0.0231302
83 0.0475896 0.0185212 0.0477257 0.0219414
85 0.0451015 0.0176598 0.0452447 0.0208144
87 0.0427562 0.0168425 0.0429043 0.0197492
89 0.0405489 0.0160691 0.0406999 0.0187449
91 0.0384782 0.0153406 0.0386304 0.0178021
93 0.0365462 0.0146582 0.0366981 0.0169216
95 0.0347508 0.0140207 0.0349011 0.0161015
97 0.0330863 0.0134258 0.0332338 0.015338
99 0.0315429 0.0128708 0.0316867 0.0146276
101 0.03011 0.0123542 0.0302496 0.0139678
106 0.0269267 0.011204 0.0270548 0.0125049
111 0.0243024 0.0102706 0.0244159 0.0113228
116 0.0221245 0.00950942 0.0222235 0.0103603
121 0.0203432 0.00890082 0.0204285 0.00958887
126 0.0188704 0.00842122 0.0189431 0.00897681
131 0.0176533 0.00805244 0.0177143 0.00850064
136 0.016653 0.00777737 0.0167039 0.00813831
141 0.0158368 0.00758293 0.015879 0.00787325
146 0.0151759 0.00745805 0.0152107 0.00769086
151 0.0146539 0.00739173 0.014682 0.00757768
156 0.0142492 0.00737451 0.0142718 0.00752311
161 0.0139429 0.00739793 0.0139612 0.00751688
166 0.0137143 0.00745273 0.0137292 0.00754774
171 0.0135504 0.00753121 0.0135625 0.007607
176 0.0134353 0.00762762 0.0134452 0.00768812
181 0.0133566 0.00773766 0.0133647 0.00778604
186 0.0133051 0.00785629 0.0133114 0.00789512
191 0.0132711 0.00797884 0.0132761 0.0080102
