10 0 0 -7.11404e-10 0
11 0 0 -7.11404e-10 0
12 0 0 -7.11404e-10 0
13 0 0 -7.11404e-10 0
14 0 0 -7.11404e-10 0
15 0 0 -7.11404e-10 0
16 0 0 -7.11404e-10 0
17 0 0 -7.11404e-10 0
18 0 0 -7.11404e-10 0
19 0 0 -7.11404e-10 0
20 0 0 -7.11404e-10 0
21 0 0 -7.11404e-10 0
22 0 0 -7.11404e-10 0
23 0 0 -7.11404e-10 0
24 0 0 -7.11404e-10 0
25 0 0 -7.11404e-10 0
26 0 0 -7.11404e-10 0
27 0 0 -7.11404e-10 0
28 6.76168e-13 7.4039e-12 -7.10759e-10 8.14307e-12
29 1.48516e-10 1.40837e-09 -5.70469e-10 1.55453e-09
30 1.11747e-09 1.0249e-08 3.48956e-10 1.13313e-08
31 4.83318e-09 4.29694e-08 3.87658e-09 4.75774e-08
32 1.56264e-08 1.40953e-07 1.41352e-08 1.55348e-07
33 4.99354e-08 4.67106e-07 4.72189e-08 5.03482e-07
34 1.85831e-07 1.14732e-06 1.8076e-07 1.22508e-06
35 4.91465e-07 2.57248e-06 4.82499e-07 2.71741e-06
36 8.88004e-07 4.5218e-06 8.73345e-07 4.76367e-06
37 1.35562e-06 6.90848e-06 1.3335e-06 7.27938e-06
38 1.92032e-06 9.75662e-06 1.88935e-06 1.02916e-05
39 2.60623e-06 1.30893e-05 2.56592e-06 1.38314e-05
40 3.44644e-06 1.70575e-05 3.39764e-06 1.8065e-05
41 4.47793e-06 2.18172e-05 4.42284e-06 2.31731e-05
42 5.75146e-06 2.75521e-05 5.69279e-06 2.9366e-05
43 7.30475e-06 3.43975e-05 7.24446e-06 3.68e-05
44 9.16981e-06 4.24645e-05 9.10813e-06 4.55965e-05
45 1.13587e-05 5.17721e-05 1.12941e-05 5.57712e-05
46 1.38774e-05 6.22988e-05 1.38069e-05 6.72909e-05
47 1.67238e-05 7.39993e-05 1.66445e-05 8.0097e-05
48 1.98941e-05 8.68403e-05 1.98037e-05 9.41517e-05
49 2.33885e-05 0.000100827 2.32858e-05 0.000109469
50 2.72175e-05 0.000116023 2.7102e-05 0.000126134
51 3.14111e-05 0.000132553 3.12819e-05 0.000144301
53 4.10075e-05 0.000170034 4.08419e-05 0.000185642
55 5.23052e-05 0.000213482 5.20775e-05 0.000233744
57 6.51431e-05 0.000262109 6.48259e-05 0.000287707
59 7.92657e-05 0.000315307 7.88472e-05 0.000346913
61 9.48386e-05 0.000374011 9.43083e-05 0.000412552
63 0.000112383 0.000439979 0.000111707 0.000486692
65 0.000132061 0.00051357 0.000131191 0.00056971
67 0.000153678 0.000593983 0.000152569 0.000660663
69 0.0001772 0.000681247 0.000175823 0.000759686
71 0.000203083 0.000776927 0.000201406 0.000868717
73 0.000232052 0.000882712 0.000230012 0.000989696
75 0.00026442 0.000999088 0.000261932 0.0011231
77 0.000299766 0.00112533 0.00029676 0.00126809
79 0.000337677 0.0012611 0.000334106 0.0014244
81 0.000378901 0.00140825 0.000374701 0.00159431
83 0.000424553 0.00156897 0.00041962 0.0017804
85 0.000474589 0.00174314 0.00046882 0.00198237
87 0.000528309 0.00192963 0.000521628 0.00219887
89 0.000585914 0.00212961 0.000578255 0.00243137
91 0.00064862 0.00234582 0.000639882 0.00268313
93 0.000717035 0.00257884 0.000707088 0.00295479
95 0.000790706 0.00282687 0.000779427 0.00324424
97 0.000869249 0.00308921 0.000856533 0.0035507
99 0.000952992 0.00336723 0.000938736 0.00387579
101 0.00104324 0.00366336 0.0010273 0.00422229
106 0.00130085 0.00448556 0.00128002 0.00518445
111 0.00159491 0.00540836 0.00156841 0.00626534
116 0.00193218 0.00643646 0.001899 0.00746989
121 0.00230985 0.00756028 0.00226916 0.00878684
126 0.00273259 0.00878304 0.00268348 0.0102192
131 0.0031856 0.0100893 0.00312747 0.011748
136 0.00366873 0.0114493 0.003601 0.0133394
141 0.00417933 0.0128453 0.00410174 0.0149721
146 0.00471222 0.0142597 0.00462467 0.0166239
151 0.00525166 0.0156757 0.00515411 0.0182756
156 0.00580078 0.0170953 0.00569324 0.0199299
161 0.00634856 0.0184774 0.0062313 0.021539
166 0.00691192 0.019842 0.00678483 0.023123
171 0.00747546 0.0211731 0.00733877 0.0246642
176 0.00806982 0.022517 0.00792337 0.026214
181 0.00865582 0.0238309 0.00850032 0.0277212
186 0.00926269 0.0251414 0.00909827 0.0292174
191 0.00986539 0.0264044 0.00969234 0.030654
196 0.0104672 0.0276257 0.010286 0.0320379
201 0.0110544 0.0287808 0.0108656 0.0333416
211 0.0121379 0.0307915 0.0119369 0.0355876
221 0.0130179 0.0322381 0.0128092 0.0371693
231 0.0136656 0.0330785 0.0134541 0.038053
241 0.0141439 0.0334138 0.0139333 0.0383549
251 0.0144847 0.0333752 0.0142783 0.0382264
261 0.014709 0.0330554 0.0145095 0.0377717
271 0.0148043 0.0324478 0.0146141 0.0369913
281 0.0147777 0.0315526 0.0145996 0.0358828
291 0.0145127 0.0302671 0.0143504 0.0343355
301 0.0139876 0.0285289 0.0138448 0.0322852
311 0.0132198 0.026378 0.013099 0.0297779
321 0.0122611 0.0239546 0.0121633 0.0269683
331 0.0111566 0.0214063 0.0110809 0.0240149
341 0.0099709 0.0188402 0.00991508 0.0210326
351 0.00879296 0.0164135 0.00875307 0.0181937
361 0.00769493 0.0142449 0.00766759 0.0156343
371 0.00673288 0.0124099 0.00671464 0.0134485
381 0.00592923 0.0109113 0.00591731 0.0116504
391 0.00528398 0.00974166 0.00527616 0.0102432
401 0.00479233 0.00886941 0.00478711 0.00919346
411 0.00444191 0.00823974 0.0044384 0.00843872
421 0.0042104 0.00780019 0.00420816 0.00791583
431 0.0040692 0.00749946 0.0040679 0.00756285
441 0.00399691 0.00729504 0.00399607 0.00732836
451 0.00397316 0.00715183 0.00397288 0.00716828
461 0.00398049 0.00704304 0.00398039 0.0070507
471 0.00400564 0.0069517 0.00400562 0.00695555
481 0.00404091 0.00686524 0.00404098 0.00686741
491 0.0040796 0.00677585 0.0040798 0.00677747
501 0.00411823 0.00668117 0.00411852 0.00668268
511 0.0041548 0.00657958 0.00415518 0.00658107
521 0.00418843 0.00647102 0.00418883 0.00647238
531 0.00421862 0.00635534 0.00421904 0.00635656
541 0.00424552 0.0062348 0.00424601 0.00623604
551 0.0042693 0.00611065 0.00426991 0.00611184
561 0.0042909 0.00598407 0.00429156 0.00598533
571 0.00431046 0.00585265 0.00431114 0.00585373
581 0.00432917 0.00572128 0.0043299 0.00572224
591 0.00434531 0.00558718 0.00434608 0.00558808
601 0.00434319 0.00543163 0.00434399 0.00543243
611 0.00426344 0.00518757 0.0042643 0.00518828
621 0.00400811 0.00475063 0.00400895 0.00475132
631 0.00350145 0.00404938 0.00350217 0.00404994
641 0.00275461 0.0031149 0.00275512 0.0031153
