10 4.95942e-06 1.92404e-05 4.71608e-06 2.24634e-05
11 1.5026e-05 6.34273e-05 1.42744e-05 7.42014e-05
12 3.5148e-05 0.000159966 3.33679e-05 0.000187335
13 6.7702e-05 0.000330453 6.4219e-05 0.000387249
14 0.000119425 0.000569784 0.000113329 0.000668167
15 0.000201213 0.000840954 0.000191282 0.00098693
16 0.000325478 0.00109782 0.000310274 0.00128976
17 0.000503554 0.00132352 0.000481717 0.00155733
18 0.000740138 0.00154192 0.000710813 0.00181841
19 0.00102909 0.00179109 0.000992198 0.00211871
20 0.00135343 0.00209741 0.00130953 0.00249029
21 0.00168944 0.00246445 0.00163939 0.00293766
22 0.002012 0.00287088 0.00195677 0.00343472
23 0.00230097 0.00328926 0.00224162 0.00394769
24 0.00254476 0.003691 0.00248248 0.00444212
25 0.00274092 0.00406896 0.00267694 0.00490982
26 0.00289384 0.00442937 0.0028293 0.00535867
27 0.00301148 0.00477875 0.00294733 0.00579658
28 0.00310487 0.00512446 0.00304167 0.00623194
29 0.00318685 0.00547066 0.00312467 0.00666911
30 0.00327327 0.00581979 0.00321164 0.00711013
31 0.00337843 0.00617193 0.00331643 0.00755425
32 0.00351062 0.00652628 0.00344713 0.00799994
33 0.00366888 0.00688091 0.00360287 0.00844458
34 0.00384582 0.00723219 0.00377654 0.00888418
35 0.00403249 0.00757832 0.00395952 0.00931689
36 0.00422568 0.00792465 0.00414869 0.00974938
37 0.00442304 0.00827474 0.00434178 0.0101861
38 0.00462204 0.00862913 0.00453644 0.010628
39 0.00482386 0.00899074 0.00473389 0.0110787
40 0.00503037 0.00936167 0.00493598 0.0115408
41 0.0052444 0.00974526 0.00514558 0.0120183
42 0.00546775 0.0101423 0.00536444 0.0125121
43 0.00570128 0.0105536 0.00559344 0.0130233
44 0.00594418 0.0109777 0.00583177 0.0135496
45 0.00619425 0.0114116 0.00607728 0.0140876
46 0.00644927 0.011853 0.00632779 0.0146342
47 0.00670724 0.012299 0.00658132 0.015186
48 0.00696688 0.012748 0.00683662 0.0157409
49 0.00722703 0.0131982 0.00709253 0.016297
50 0.00748685 0.0136487 0.00734824 0.0168531
51 0.00774675 0.0140998 0.00760409 0.0174097
53 0.00826611 0.015002 0.00811559 0.0185215
55 0.00878365 0.0159009 0.00862541 0.019627
57 0.00929684 0.0167891 0.00913093 0.0207167
59 0.00980943 0.0176646 0.00963583 0.0217887
61 0.0103293 0.0185327 0.0101479 0.0228497
63 0.0108608 0.0193998 0.0106716 0.0239074
65 0.0114018 0.0202687 0.0112046 0.0249648
67 0.011945 0.0211358 0.01174 0.0260174
69 0.0124889 0.0219985 0.012276 0.0270629
71 0.0130399 0.0228593 0.0128191 0.0281047
73 0.0136034 0.0237229 0.0133746 0.0291482
75 0.0141732 0.024584 0.0139365 0.0301861
77 0.0147465 0.025439 0.014502 0.0312142
79 0.0153259 0.0262913 0.0150736 0.0322369
81 0.0159132 0.0271412 0.0156531 0.0332551
83 0.0165123 0.0279904 0.0162444 0.0342702
85 0.0171261 0.0288439 0.0168502 0.0352874
87 0.0177478 0.0297002 0.0174639 0.0363052
89 0.0183653 0.0305492 0.0180736 0.0373116
91 0.0189837 0.0313914 0.0186842 0.0383076
93 0.0196184 0.0322364 0.0193111 0.0393047
95 0.0202672 0.0330817 0.0199519 0.0402993
97 0.0209131 0.033915 0.0205902 0.0412761
99 0.0215507 0.0347325 0.0212203 0.0422312
101 0.0221881 0.0355392 0.0218505 0.0431705
106 0.0237865 0.0375097 0.0234317 0.0454501
111 0.0252917 0.0392947 0.0249223 0.0474923
116 0.0267034 0.0408679 0.0263221 0.0492709
121 0.0278936 0.0421255 0.0275041 0.0506602
126 0.0289293 0.0431256 0.028534 0.0517333
131 0.0297412 0.0437893 0.0293436 0.0523995
136 0.0304533 0.044244 0.0300555 0.0528084
141 0.0310056 0.0444696 0.0306101 0.052937
146 0.0315064 0.0445391 0.0311143 0.0528754
151 0.0318883 0.0444622 0.0315015 0.0526345
156 0.0321968 0.0442725 0.0318166 0.0522557
161 0.0324019 0.0439431 0.0320291 0.0517069
166 0.0325101 0.0434797 0.0321468 0.0509976
171 0.0324586 0.042839 0.0321073 0.0500796
176 0.0322357 0.0419867 0.031899 0.0489136
181 0.0318221 0.0409333 0.0315023 0.0475136
186 0.0311903 0.039663 0.03089 0.0458661
191 0.0303537 0.0381681 0.0300753 0.0439655
196 0.0293179 0.0364562 0.0290632 0.0418252
201 0.0281019 0.0345805 0.0278722 0.0395082
211 0.025246 0.0305054 0.0250664 0.0345441
221 0.0220763 0.026309 0.0219438 0.0295
231 0.0189175 0.0223418 0.018826 0.0247814
241 0.0160012 0.0188331 0.0159418 0.0206362
251 0.0135229 0.0159535 0.0134872 0.0172447
261 0.0115371 0.0137326 0.0115177 0.01463
271 0.0100307 0.0120952 0.0100214 0.0126968
281 0.00896594 0.0109665 0.00896198 0.0113549
291 0.00826856 0.0102285 0.00826761 0.0104675
301 0.00784678 0.00977542 0.0078466 0.0099155
311 0.00761681 0.0094788 0.00761712 0.00955593
321 0.00750932 0.00927477 0.00750966 0.00931411
331 0.00748479 0.00913129 0.0074852 0.0091506
341 0.00750753 0.00901617 0.00750796 0.00902572
351 0.00755121 0.0089047 0.00755169 0.00891016
361 0.00760021 0.00878568 0.00760069 0.00879003
371 0.00764507 0.00865265 0.00764564 0.00865678
381 0.00768059 0.00850388 0.0076813 0.00850809
391 0.0077056 0.00834087 0.00770655 0.00834496
401 0.00771929 0.00816329 0.00772037 0.00816724
411 0.00772081 0.00797269 0.00772199 0.00797646
421 0.00770277 0.00776257 0.00770406 0.00776599
431 0.0076096 0.00748106 0.00761101 0.00748432
441 0.00730135 0.00700638 0.0073029 0.00700946
451 0.00662126 0.00620802 0.00662281 0.00621083
461 0.005507 0.00505142 0.0055085 0.00505378
