10 0.026855 0.00267757 0.0269479 0.00346519
11 0.059476 0.00584521 0.0596821 0.00759058
12 0.105256 0.0104367 0.1056 0.0135747
13 0.150024 0.015486 0.150439 0.0201473
14 0.174761 0.0196119 0.17507 0.0254861
15 0.170261 0.0219938 0.170271 0.0285098
16 0.144145 0.0228907 0.143783 0.0295567
17 0.112326 0.0231559 0.11168 0.0297499
18 0.0869302 0.0235103 0.0861558 0.03005
19 0.0725835 0.0243223 0.0717916 0.0309596
20 0.0683541 0.0254549 0.0675757 0.0323179
21 0.0724469 0.0266402 0.0716779 0.0337866
22 0.0810158 0.0274478 0.0802527 0.0348083
23 0.0912107 0.0277526 0.090464 0.0352224
24 0.102179 0.0277413 0.101462 0.0352731
25 0.112958 0.0275576 0.112281 0.0351331
26 0.123112 0.0273846 0.12248 0.0350211
27 0.132196 0.0273442 0.131603 0.0350768
28 0.139742 0.0274881 0.139177 0.0353548
29 0.14536 0.0278028 0.14481 0.0358318
30 0.148838 0.0282503 0.148291 0.0364595
31 0.150221 0.0287747 0.149669 0.0371696
32 0.14979 0.0293185 0.14923 0.0378926
33 0.147934 0.0298031 0.147363 0.0385303
34 0.145111 0.0302407 0.144531 0.0390966
35 0.14175 0.0306537 0.141161 0.0396191
36 0.137987 0.0309398 0.137397 0.0399682
37 0.133994 0.031081 0.133409 0.0401219
38 0.129847 0.0310674 0.129277 0.0400691
39 0.125713 0.0309046 0.125166 0.0398176
40 0.12166 0.0305973 0.121146 0.0393751
41 0.1177 0.0301651 0.117227 0.0387685
42 0.113836 0.0296193 0.113411 0.0380136
43 0.110043 0.028974 0.109671 0.0371292
44 0.106292 0.0282434 0.105977 0.0361346
45 0.102555 0.0274413 0.102299 0.0350478
46 0.0988196 0.0265828 0.0986227 0.033889
47 0.0950896 0.0256842 0.0949503 0.0326794
48 0.0913844 0.0247624 0.0913004 0.031441
49 0.0877349 0.0238349 0.0877029 0.0301968
50 0.0841711 0.0229184 0.0841869 0.0289678
51 0.0807166 0.022026 0.0807757 0.0277712
53 0.074166 0.0203451 0.074297 0.0255138
55 0.0680488 0.0188139 0.068233 0.0234517
57 0.0623008 0.0174175 0.0625219 0.0215675
59 0.0568639 0.0161297 0.0571097 0.0198313
61 0.0518467 0.0149467 0.0521077 0.0182404
63 0.0473709 0.0138803 0.0476386 0.0168095
65 0.0432522 0.0128512 0.043524 0.0154388
67 0.0395872 0.0119392 0.0398566 0.0142291
69 0.0362656 0.0110786 0.0365302 0.0130969
71 0.0332725 0.010271 0.0335305 0.0120429
73 0.0305937 0.00952294 0.0308439 0.0110738
75 0.0281978 0.00883432 0.0284389 0.0101879
77 0.0260514 0.00820195 0.0262823 0.00937988
79 0.0241264 0.00762394 0.024346 0.00864601
81 0.022402 0.00710012 0.0226097 0.00798459
83 0.0208625 0.00662971 0.0210577 0.00739328
85 0.0194938 0.00620957 0.0196763 0.00686705
87 0.0182858 0.00583646 0.0184554 0.00640108
89 0.0172283 0.00550798 0.0173849 0.00599168
91 0.0163082 0.00522165 0.0164521 0.00563511
93 0.0155123 0.00497423 0.0156437 0.00532684
95 0.014831 0.00476238 0.0149505 0.00506237
97 0.0142578 0.00458333 0.0143658 0.00483804
99 0.013783 0.00443459 0.0138803 0.00465049
101 0.0133949 0.00431377 0.013482 0.00449642
106 0.0127267 0.00410792 0.012792 0.00422574
111 0.0124318 0.00402529 0.0124788 0.00410147
116 0.0123732 0.004022 0.0124062 0.00407045
121 0.0124536 0.00406711 0.0124761 0.00409733
126 0.0125967 0.00413607 0.0126117 0.0041546
131 0.0127259 0.00420248 0.0127356 0.00421366
136 0.0127613 0.00423835 0.0127674 0.0042451
141 0.0126378 0.00422123 0.0126416 0.00422554
146 0.0122949 0.00412525 0.0122972 0.00412841
151 0.0116767 0.00392753 0.0116782 0.00393028
156 0.0107604 0.00362974 0.0107614 0.00363249
161 0.00959652 0.00324664 0.00959719 0.00324946
