10 0.00147417 0.00130233 0.0014698 0.00159386
11 0.00372588 0.00326651 0.00371427 0.00400515
12 0.00750942 0.00656867 0.00749027 0.00806236
13 0.0125235 0.0108202 0.0124927 0.0132886
14 0.0175747 0.0147194 0.017522 0.0180801
15 0.0214028 0.0169025 0.0213099 0.0207561
16 0.0237266 0.0171429 0.0235654 0.0210428
17 0.0254624 0.0166281 0.0251955 0.0204171
18 0.0277365 0.0168581 0.0273291 0.0207417
19 0.0310015 0.0184805 0.0304366 0.022818
20 0.0349716 0.0211225 0.0342584 0.0261734
21 0.0389846 0.023948 0.0381581 0.029757
22 0.0424064 0.0262891 0.0415169 0.0327299
23 0.0447338 0.0277549 0.0438347 0.0346042
24 0.045849 0.0283362 0.044987 0.0353705
25 0.0459981 0.0282901 0.0452068 0.0353529
26 0.0455951 0.027959 0.0448913 0.034984
27 0.0450523 0.027642 0.0444371 0.0346412
28 0.0446684 0.0275314 0.0441307 0.0345642
29 0.0445979 0.0276917 0.0441185 0.0348288
30 0.044883 0.028106 0.0444401 0.0354087
31 0.0454932 0.0287339 0.0450659 0.036251
32 0.0463636 0.0295246 0.0459338 0.0372914
33 0.0474174 0.0304286 0.046972 0.0384695
34 0.0485408 0.0313834 0.0480727 0.0397087
35 0.0497671 0.0324086 0.0492698 0.0410334
36 0.0510904 0.0334929 0.0505592 0.0424298
37 0.0524113 0.0345625 0.0518469 0.0438049
38 0.053721 0.0355957 0.0531254 0.045131
39 0.0550258 0.0365831 0.054402 0.046396
40 0.0563287 0.0375174 0.0556804 0.0475901
41 0.0576228 0.0383932 0.0569544 0.0487064
42 0.0588887 0.039208 0.0582049 0.0497427
43 0.0601078 0.0399568 0.0594135 0.0506923
44 0.0612628 0.0406393 0.0605627 0.051555
45 0.0623407 0.0412582 0.0616393 0.0523348
46 0.0633317 0.041816 0.062633 0.0530349
47 0.0642309 0.0423156 0.0635382 0.0536594
48 0.0650387 0.0427594 0.0643547 0.0542113
49 0.0657619 0.0431505 0.0650886 0.0546944
50 0.066411 0.0434943 0.0657496 0.0551152
51 0.0669952 0.0437972 0.0663465 0.0554817
53 0.0680015 0.0443134 0.0673776 0.0560926
55 0.068831 0.0447542 0.0682288 0.0565949
57 0.0695315 0.0451512 0.0689462 0.0570275
59 0.0701236 0.0455049 0.0695509 0.0573926
61 0.0706361 0.0457994 0.0700729 0.0576735
63 0.0711358 0.0460602 0.0705812 0.057904
65 0.0715753 0.0462473 0.0710303 0.0580338
67 0.0719629 0.0463801 0.0714271 0.0580874
69 0.0722637 0.0464448 0.0717376 0.0580504
71 0.0724538 0.046409 0.0719398 0.0578841
73 0.0725573 0.0462899 0.0720574 0.0576108
75 0.0725281 0.0460878 0.0720442 0.0572308
77 0.0723096 0.0457825 0.0718438 0.0567187
79 0.071906 0.0453768 0.0714597 0.0560795
81 0.0713658 0.0448882 0.0709396 0.0553371
83 0.0707045 0.0443235 0.0702987 0.0545003
85 0.0698977 0.04368 0.0695127 0.0535655
87 0.0689426 0.0429655 0.0685788 0.0525432
89 0.0678608 0.0421886 0.0675184 0.0514461
91 0.066682 0.0413532 0.0663609 0.0502801
93 0.0654186 0.0404629 0.0651184 0.0490508
95 0.0640688 0.0395253 0.0637894 0.0477681
97 0.0626319 0.0385462 0.0623729 0.04644
99 0.0611154 0.0375271 0.0608765 0.0450689
101 0.0595392 0.0364721 0.0593203 0.0436613
106 0.0554172 0.0337254 0.0552471 0.0400407
111 0.0511101 0.0309105 0.0509827 0.0363872
116 0.0467395 0.0280786 0.0466494 0.0327644
121 0.0424206 0.0253323 0.0423618 0.0292913
126 0.0382836 0.022738 0.0382502 0.0260411
131 0.0343623 0.0203355 0.0343488 0.0230568
136 0.0307026 0.0181415 0.0307041 0.0203544
141 0.0273649 0.0161808 0.0273765 0.0179562
146 0.0243968 0.0144714 0.0244153 0.0158763
151 0.021832 0.0130299 0.0218544 0.014128
156 0.0196573 0.0118414 0.0196812 0.0126887
161 0.0178492 0.0108832 0.0178726 0.0115286
166 0.0163681 0.0101298 0.0163895 0.0106145
171 0.0151942 0.00955696 0.0152128 0.00991599
176 0.0143063 0.00913867 0.0143221 0.00940067
181 0.0136622 0.00884971 0.0136753 0.00903813
186 0.013215 0.00866252 0.0132259 0.00879652
191 0.0129287 0.00855572 0.0129374 0.00865014
196 0.0127714 0.00850985 0.012778 0.00857571
201 0.0127145 0.00850659 0.0127197 0.00855209
211 0.0127997 0.00857447 0.0128028 0.00859649
221 0.0130289 0.00868362 0.0130307 0.00869583
231 0.0133057 0.00878943 0.0133072 0.00879877
241 0.013569 0.00886711 0.0135704 0.00887627
251 0.0137509 0.00888168 0.0137522 0.00889136
261 0.0136758 0.00873287 0.0136776 0.00874316
271 0.0130393 0.00823887 0.0130415 0.0082495
281 0.011564 0.00723955 0.0115664 0.00725005
291 0.00924344 0.00574843 0.00924545 0.0057571
