10 0.0701983 0.00599265 0.0699643 0.0080324
11 0.147174 0.0125782 0.146695 0.0168968
12 0.244959 0.0211381 0.244162 0.0284333
13 0.324391 0.0285884 0.323307 0.0384847
14 0.343993 0.0315924 0.342769 0.042542
15 0.296111 0.029435 0.294932 0.0396353
16 0.213551 0.0246178 0.212534 0.0331308
17 0.138308 0.0203919 0.137472 0.0274068
18 0.0913557 0.0183433 0.0906575 0.0246032
19 0.0703615 0.0181725 0.069746 0.0243235
20 0.06401 0.018775 0.0634445 0.0250839
21 0.0666033 0.0195129 0.066075 0.0260263
22 0.0708869 0.0197566 0.0704102 0.0262958
23 0.0753309 0.0194545 0.0749265 0.0258227
24 0.079552 0.0187429 0.0792359 0.0247929
25 0.0832629 0.0178065 0.0830424 0.0234553
26 0.0862851 0.016832 0.0861568 0.0220638
27 0.0884462 0.0159628 0.0883981 0.0208154
28 0.0895814 0.0152754 0.0895966 0.0198192
29 0.0895687 0.0147842 0.0896296 0.0190998
30 0.0883932 0.0144628 0.0884837 0.0186232
31 0.0861462 0.0142588 0.086254 0.0183185
32 0.0830311 0.0141215 0.0831471 0.0181149
33 0.0792442 0.0139618 0.0793645 0.0178871
34 0.0751221 0.013828 0.0752424 0.0176977
35 0.070871 0.0137036 0.0709891 0.0175214
36 0.0665943 0.0135116 0.0667121 0.0172531
37 0.0624143 0.0132545 0.0625347 0.0168962
38 0.0583756 0.0129367 0.0585017 0.0164574
39 0.0546441 0.0125718 0.0547794 0.0159545
40 0.0512007 0.0121689 0.0513483 0.0154005
41 0.0480533 0.0117409 0.0482154 0.0148125
42 0.0451777 0.011294 0.0453562 0.0141995
43 0.0425311 0.0108321 0.0427268 0.0135677
44 0.0400667 0.0103577 0.0402798 0.0129211
45 0.0377465 0.00987378 0.0379767 0.0122643
46 0.0355492 0.00938563 0.0357958 0.0116049
47 0.0334666 0.00889983 0.0337284 0.0109517
48 0.0315008 0.00842417 0.0317762 0.0103151
49 0.029659 0.00796648 0.0299459 0.00970488
50 0.0279471 0.00753336 0.0282433 0.00912932
51 0.0263658 0.00712928 0.026669 0.0085937
53 0.0235888 0.00641566 0.0238984 0.0076499
55 0.021271 0.005821 0.0215782 0.00686456
57 0.0193302 0.00532714 0.0196277 0.00621305
59 0.0176414 0.00490525 0.0179252 0.00565834
61 0.0162552 0.00456254 0.016522 0.00520794
63 0.0151398 0.00428746 0.0153874 0.00484616
65 0.0141844 0.00403398 0.0144142 0.0045146
67 0.0134273 0.00384131 0.0136382 0.00426195
69 0.0127955 0.00366995 0.012989 0.00403786
71 0.0122764 0.00352055 0.0124538 0.0038424
73 0.0118542 0.00339316 0.0120168 0.00367501
75 0.0115133 0.00328542 0.0116624 0.00353255
77 0.0112386 0.00319439 0.0113752 0.00341127
79 0.0110176 0.00311826 0.0111428 0.00330874
81 0.0108417 0.00305644 0.0109563 0.00322388
83 0.0107054 0.00300849 0.0108103 0.0031558
85 0.0106046 0.00297342 0.0107005 0.00310309
87 0.0105361 0.00295013 0.0106237 0.00306436
89 0.0104968 0.00293796 0.0105766 0.00303865
91 0.0104839 0.00293651 0.0105566 0.00302537
93 0.010496 0.00294558 0.0105621 0.00302409
95 0.0105317 0.0029646 0.0105917 0.00303408
