10 0.00606406 0.00216777 0.00606619 0.00271559
11 0.0138689 0.00494255 0.0138797 0.00620513
12 0.0260504 0.00923381 0.0260748 0.0116059
13 0.0406012 0.0143049 0.0406227 0.017982
14 0.0536578 0.0187215 0.0536261 0.0235102
15 0.0618866 0.0213774 0.0617307 0.0267914
16 0.0643971 0.0222871 0.064063 0.0278664
17 0.0626511 0.0224256 0.0621275 0.028003
18 0.059016 0.022757 0.0583319 0.0284408
19 0.0561228 0.0238039 0.055317 0.029828
20 0.0558189 0.0255217 0.0549221 0.0320746
21 0.058512 0.0275159 0.0575529 0.0346544
22 0.0629852 0.0292546 0.0619995 0.0368871
23 0.0674887 0.0303199 0.0665177 0.0382512
24 0.071397 0.0307615 0.0704782 0.03882
25 0.0745817 0.0308029 0.073741 0.0388879
26 0.0773029 0.0307458 0.0765505 0.0388459
27 0.0798556 0.0308224 0.0791868 0.03899
28 0.0823544 0.0311398 0.0817541 0.0394509
29 0.0847656 0.0316803 0.0842129 0.0401965
30 0.0869925 0.0323955 0.0864655 0.0411581
31 0.0889429 0.0332352 0.0884219 0.0422691
32 0.0905772 0.0341484 0.0900468 0.0434656
33 0.0918942 0.0350896 0.0913442 0.0446914
34 0.0928821 0.0360063 0.0923082 0.0458814
35 0.0937557 0.0369619 0.0931514 0.0471148
36 0.0944946 0.0378911 0.0938587 0.0483098
37 0.0951055 0.0387479 0.0944406 0.0494083
38 0.095646 0.0395255 0.0949555 0.050402
39 0.0961499 0.040218 0.0954385 0.0512841
40 0.0966816 0.04083 0.0959543 0.0520606
41 0.0972289 0.0413596 0.0964919 0.0527299
42 0.0977998 0.0418128 0.097059 0.0532998
43 0.0983739 0.0421856 0.0976351 0.0537645
44 0.0989188 0.0424784 0.0981874 0.0541241
45 0.0994095 0.0426968 0.0986899 0.0543858
46 0.0998022 0.0428405 0.0990985 0.0545494
47 0.100059 0.0429098 0.0993745 0.0546152
48 0.100194 0.0429202 0.099531 0.0546033
49 0.100199 0.0428767 0.0995589 0.0545202
50 0.100089 0.0427885 0.0994721 0.0543777
51 0.0998884 0.0426703 0.0992953 0.0541944
53 0.0992417 0.0423742 0.098694 0.0537426
55 0.0982576 0.0420332 0.0977505 0.0532183
57 0.0968528 0.0416377 0.0963815 0.0526081
59 0.0950453 0.0411698 0.0946062 0.0518936
61 0.0929549 0.0406195 0.092546 0.0510671
63 0.0908302 0.0400256 0.0904504 0.0501801
65 0.0885481 0.0393204 0.0881998 0.049149
67 0.0861929 0.0385707 0.0858742 0.0480602
69 0.083741 0.0377481 0.0834526 0.0468821
71 0.0812297 0.0368488 0.0809727 0.0456123
73 0.0787215 0.0359 0.0784961 0.0442862
75 0.0761908 0.0349118 0.0759961 0.0429167
77 0.0736176 0.0338891 0.0734523 0.0415101
79 0.0710147 0.0328417 0.0708774 0.04008
81 0.0684165 0.0317815 0.0683055 0.0386422
83 0.0658475 0.03072 0.065761 0.037211
85 0.0633166 0.0296656 0.0632525 0.0357962
87 0.0608288 0.0286233 0.0607844 0.034404
89 0.0583935 0.0275968 0.0583666 0.033039
91 0.0560273 0.0265906 0.0560156 0.0317071
93 0.05374 0.0256089 0.0537416 0.0304135
95 0.0515308 0.0246541 0.0515438 0.0291609
97 0.0493996 0.0237292 0.0494224 0.0279525
99 0.0473492 0.0228362 0.0473803 0.0267905
101 0.0453846 0.021977 0.0454226 0.0256768
106 0.0408455 0.0199657 0.0408974 0.0230864
111 0.0368707 0.0181895 0.0369288 0.0208181
116 0.0333374 0.0166031 0.033398 0.0188099
121 0.0301932 0.0151963 0.0302533 0.0170431
126 0.0274094 0.0139674 0.027467 0.0155084
131 0.0249681 0.0129065 0.0250218 0.0141884
136 0.0228535 0.0120045 0.0229024 0.0130677
141 0.0210326 0.0112446 0.0210764 0.0121237
146 0.0194653 0.0106127 0.0195044 0.0113376
151 0.0181212 0.0100984 0.0181559 0.0106944
156 0.0169781 0.00968558 0.0170081 0.0101738
161 0.0160173 0.00936256 0.0160428 0.00976136
166 0.0152153 0.00911726 0.015237 0.00944224
171 0.0145543 0.00893865 0.0145726 0.00920277
176 0.0140193 0.00881739 0.0140347 0.00903139
181 0.0135861 0.00874255 0.0135991 0.00891549
186 0.0132349 0.00870434 0.0132459 0.00884417
191 0.0129506 0.00869616 0.0129599 0.00880945
196 0.0127208 0.00871204 0.0127285 0.00880396
201 0.0125364 0.00874503 0.0125428 0.00881945
206 0.0123853 0.00878886 0.0123907 0.00884901
211 0.0122596 0.00884093 0.0122643 0.00888976
216 0.0121544 0.00889886 0.0121583 0.00893873
221 0.012062 0.00895897 0.0120652 0.00899151
226 0.0119776 0.00901919 0.0119802 0.00904587
231 0.0118999 0.00907798 0.011902 0.00910026
