10 0.000396366 0.000700757 0.00039312 0.000846414
11 0.00107154 0.0018721 0.00106404 0.00226685
12 0.00224662 0.00398571 0.0022352 0.00483405
13 0.00392558 0.00696309 0.00390931 0.00845603
14 0.00590611 0.0101012 0.00587589 0.0122812
15 0.00785341 0.0123569 0.00779002 0.0150416
16 0.00966979 0.0132031 0.0095468 0.0160952
17 0.0116411 0.0131182 0.0114324 0.0160226
18 0.0141758 0.0131908 0.0138643 0.0161501
19 0.0172631 0.0141046 0.0168467 0.0173137
20 0.0204835 0.0157958 0.0199749 0.0194365
21 0.0233003 0.0177063 0.0227228 0.0218313
22 0.0253735 0.0193179 0.0247566 0.0238553
23 0.0266106 0.0203714 0.0259848 0.0251865
24 0.0270563 0.0208487 0.0264504 0.0258069
25 0.0268904 0.0209447 0.0263269 0.025962
26 0.026366 0.0208867 0.0258578 0.0259347
27 0.0256939 0.0208132 0.025245 0.0258946
28 0.0250649 0.0208232 0.024671 0.0259607
29 0.0246348 0.0209846 0.0242848 0.0262137
30 0.0244733 0.0213056 0.0241529 0.0266614
31 0.0246087 0.0217862 0.0243032 0.0273031
32 0.0250148 0.0224146 0.0247104 0.0281247
33 0.0256436 0.0231642 0.0253296 0.0290949
34 0.0264078 0.023992 0.0260773 0.0301614
35 0.0272763 0.0248865 0.0269245 0.0313101
36 0.0282506 0.0258479 0.0278734 0.032541
37 0.0292806 0.0268466 0.0288766 0.0338179
38 0.0303159 0.0278389 0.0298862 0.035086
39 0.0313469 0.028807 0.0308936 0.0363228
40 0.0323827 0.0297517 0.031908 0.0375284
41 0.0334324 0.0306797 0.0329385 0.0387107
42 0.0344717 0.031573 0.0339616 0.0398474
43 0.0354875 0.0324302 0.034964 0.0409366
44 0.0364645 0.0332466 0.0359308 0.0419724
45 0.0373805 0.0340106 0.0368399 0.0429404
46 0.0382492 0.0347458 0.0377039 0.0438701
47 0.0390621 0.0354479 0.0385144 0.0447563
48 0.039814 0.0361104 0.0392661 0.0455907
49 0.0405124 0.036735 0.0399659 0.0463753
50 0.0411713 0.037331 0.0406271 0.0471218
51 0.0417967 0.0378983 0.0412555 0.04783
53 0.0429617 0.0389586 0.042427 0.0491447
55 0.0440359 0.039949 0.0435063 0.0503593
57 0.0450276 0.0408798 0.0445012 0.051486
59 0.0459639 0.0417661 0.0454384 0.0525453
61 0.0468633 0.0425932 0.046337 0.053521
63 0.0477385 0.0433788 0.0472108 0.0544378
65 0.0485578 0.0440889 0.0480294 0.0552539
67 0.0493288 0.0447332 0.0488001 0.0559822
69 0.0500564 0.0453175 0.0495272 0.0566312
71 0.0507062 0.0458102 0.0501781 0.057163
73 0.0512958 0.0462252 0.0507701 0.0575944
75 0.0518296 0.0465817 0.0513073 0.0579496
77 0.0522933 0.046884 0.0517748 0.0582327
79 0.0526711 0.0471201 0.0521571 0.0584293
81 0.0529875 0.0472981 0.0524785 0.0585513
83 0.0532645 0.0474324 0.0527607 0.0586169
85 0.0534918 0.0475269 0.0529936 0.0586307
87 0.0536558 0.047579 0.0531634 0.0585893
89 0.0537652 0.047587 0.0532788 0.0584918
91 0.053846 0.0475564 0.0533657 0.0583465
93 0.0539092 0.0474983 0.053435 0.0581668
95 0.0539345 0.0474146 0.0534664 0.0579544
97 0.0539059 0.0473023 0.0534438 0.0577058
99 0.0538229 0.0471549 0.053367 0.0574138
101 0.0537087 0.0469764 0.0532591 0.0570848
106 0.0533411 0.0464346 0.0529081 0.056149
111 0.0527341 0.0457093 0.0523195 0.0549986
116 0.0519265 0.0448258 0.0515321 0.0536696
121 0.0508576 0.043749 0.0504852 0.0521202
126 0.0495698 0.0424924 0.0492213 0.0503721
131 0.0479905 0.0410431 0.0476667 0.0484136
136 0.0461524 0.039404 0.0458547 0.0462523
141 0.0441004 0.037623 0.0438296 0.0439428
146 0.0419265 0.0357535 0.0416822 0.041547
151 0.0396495 0.0338271 0.0394312 0.0391039
156 0.0373188 0.0318782 0.0371257 0.0366562
161 0.0349504 0.029933 0.0347812 0.0342329
166 0.0326288 0.0280279 0.0324819 0.0318768
171 0.0303685 0.0261966 0.0302422 0.0296253
176 0.0281951 0.0244519 0.0280874 0.0274913
181 0.0261227 0.0228034 0.0260315 0.0254845
186 0.0241604 0.0212586 0.0240845 0.0236141
191 0.0223198 0.0198244 0.0222573 0.021886
196 0.0206347 0.0185188 0.0205838 0.0203173
201 0.0190972 0.0173406 0.0190558 0.018905
206 0.0177049 0.0162837 0.0176714 0.0176416
211 0.0164559 0.0153453 0.0164293 0.016522
216 0.0153489 0.0145191 0.0153283 0.0155368
221 0.0143669 0.0137945 0.0143511 0.0146739
226 0.0134935 0.0131582 0.0134819 0.0139185
231 0.0127173 0.0126008 0.0127088 0.013258
236 0.0120303 0.0121148 0.0120239 0.0126811
241 0.0114253 0.0116954 0.0114208 0.012182
246 0.0108989 0.0113369 0.0108962 0.0117553
251 0.0104431 0.0110301 0.0104416 0.0113902
256 0.0100486 0.0107676 0.0100477 0.0110765
261 0.00970241 0.0105433 0.0097022 0.0108072
266 0.00939468 0.0103509 0.00939501 0.0105763
271 0.00912454 0.0101868 0.0091251 0.0103793
276 0.00888913 0.0100466 0.00888966 0.0102107
281 0.0086808 0.00992532 0.00868126 0.010065
286 0.00849511 0.00982019 0.00849567 0.00993883
291 0.00832938 0.00972881 0.00833 0.00982936
296 0.00818159 0.00964906 0.00818214 0.00973403
301 0.00804934 0.00957913 0.00804987 0.00965065
306 0.00792664 0.00951044 0.00792719 0.00957045
311 0.00780453 0.00942754 0.00780513 0.00947771
316 0.00768734 0.00934826 0.00768786 0.00938993
321 0.00757621 0.00927128 0.00757663 0.00930577
326 0.00747161 0.00919767 0.00747199 0.00922621
331 0.00737215 0.00912695 0.00737251 0.00915053
336 0.00727736 0.00905903 0.00727779 0.00907845
341 0.00718628 0.00899244 0.00718677 0.0090084
