10 0.0301679 0.00280974 0.0302573 0.0036445
11 0.0664629 0.00611679 0.0666595 0.00796021
12 0.116828 0.0108728 0.117153 0.0141708
13 0.165058 0.016021 0.165442 0.0208858
14 0.190054 0.0200943 0.190325 0.0261683
15 0.182391 0.0222792 0.182366 0.0289437
16 0.151608 0.0229413 0.151224 0.0296878
17 0.115913 0.0230487 0.115257 0.0296729
18 0.0884403 0.0233595 0.0876661 0.0299097
19 0.0734527 0.0241934 0.0726653 0.0308413
20 0.0692086 0.0253451 0.0684357 0.0322207
21 0.0735184 0.0265245 0.0727554 0.0336821
22 0.082239 0.0272977 0.0814826 0.034661
23 0.0925466 0.0275573 0.0918073 0.0350188
24 0.103581 0.0274924 0.102871 0.0350016
25 0.114386 0.0272546 0.113719 0.0347911
26 0.124508 0.0270289 0.123886 0.0346087
27 0.133492 0.0269402 0.132909 0.0345982
28 0.140872 0.0270442 0.140318 0.0348197
29 0.146272 0.0273292 0.145734 0.0352536
30 0.149499 0.0277573 0.148965 0.035852
31 0.150618 0.0282716 0.150081 0.0365452
32 0.149934 0.0288135 0.149388 0.0372623
33 0.147846 0.0293019 0.147291 0.0379017
34 0.144825 0.0297519 0.144261 0.0384811
35 0.141307 0.0301839 0.140735 0.0390252
36 0.137433 0.0304951 0.136858 0.0394043
37 0.133376 0.0306691 0.132806 0.0395982
38 0.129213 0.0306968 0.128656 0.0395966
39 0.12511 0.0305838 0.124574 0.0394076
40 0.121128 0.0303348 0.120623 0.039039
41 0.11728 0.0299694 0.116814 0.0385175
42 0.113562 0.029498 0.113142 0.0378577
43 0.10995 0.0289342 0.10958 0.037078
44 0.106407 0.0282911 0.106091 0.0361961
45 0.102903 0.0275817 0.102643 0.0352289
46 0.0994227 0.0268202 0.099218 0.0341953
47 0.0959661 0.0260217 0.095816 0.0331152
48 0.0925481 0.0252022 0.0924504 0.0320091
49 0.0891971 0.0243784 0.0891486 0.0308987
50 0.0859386 0.0235659 0.0859355 0.029804
51 0.0827941 0.0227774 0.0828319 0.0287413
53 0.0768653 0.021302 0.0769712 0.0267475
55 0.0713541 0.0199714 0.0715103 0.0249408
57 0.0661719 0.0187677 0.066363 0.0232996
59 0.0612484 0.0176624 0.0614633 0.0217906
61 0.0566837 0.0166466 0.0569141 0.0204048
63 0.0526135 0.0157344 0.0528519 0.0191597
65 0.0488432 0.0148423 0.0490881 0.0179507
67 0.0454689 0.0140531 0.0457145 0.0168822
69 0.0423817 0.0132982 0.0426263 0.0158679
71 0.0395704 0.0125784 0.039813 0.0149083
73 0.0370218 0.0119007 0.0372613 0.0140108
75 0.0347073 0.0112646 0.0349428 0.013174
77 0.0326029 0.0106694 0.0328334 0.0123955
79 0.0306848 0.0101152 0.0309091 0.0116746
81 0.028929 0.00960171 0.0291464 0.0110098
83 0.0273179 0.00912831 0.0275277 0.0103992
85 0.0258432 0.00869339 0.026045 0.00983992
87 0.0245019 0.00829575 0.0246949 0.00932987
89 0.0232861 0.00793406 0.0234701 0.00886675
91 0.0221849 0.00760716 0.0223596 0.00844838
93 0.0211893 0.00731352 0.0213545 0.00807227
95 0.0202933 0.0070514 0.020449 0.00773589
97 0.0194915 0.00681891 0.0196378 0.00743672
99 0.0187758 0.00661411 0.0189128 0.00717209
101 0.0181368 0.00643511 0.0182648 0.00693935
106 0.0168086 0.00607358 0.0169162 0.00646364
111 0.015855 0.00583966 0.0159434 0.00614488
116 0.0151413 0.00569476 0.0152134 0.00593387
121 0.0146165 0.00562358 0.0146748 0.00581127
126 0.0142381 0.00561326 0.0142848 0.00576086
131 0.0139772 0.00565125 0.0140143 0.00576734
136 0.0138127 0.00572897 0.0138421 0.00582015
141 0.0137218 0.00583741 0.0137449 0.00590892
146 0.0136825 0.00596962 0.0137004 0.00602581
151 0.0136875 0.00612034 0.0137014 0.00616462
156 0.0137297 0.00628525 0.0137405 0.00632026
