10 0 0 -6.32691e-11 0
11 0 0 -6.32691e-11 0
12 0 0 -6.32691e-11 0
13 0 0 -6.32691e-11 0
14 0 0 -6.32691e-11 0
15 0 0 -6.32691e-11 0
16 0 0 -6.32691e-11 0
17 0 0 -6.32691e-11 0
18 0 0 -6.32691e-11 0
19 0 0 -6.32691e-11 0
20 0 0 -6.32691e-11 0
21 0 0 -6.32691e-11 0
22 6.41838e-10 2.34656e-09 5.43265e-10 2.65681e-09
23 8.28646e-09 2.95957e-08 7.77705e-09 3.35018e-08
24 4.21898e-08 1.49447e-07 3.99531e-08 1.69479e-07
25 1.38767e-07 4.93134e-07 1.31662e-07 5.59434e-07
26 3.53822e-07 1.27156e-06 3.35944e-07 1.44218e-06
27 7.39121e-07 2.70212e-06 7.02128e-07 3.06347e-06
28 1.3047e-06 4.89185e-06 1.24013e-06 5.54335e-06
29 1.97651e-06 7.68145e-06 1.88004e-06 8.69984e-06
30 2.71282e-06 1.10354e-05 2.58268e-06 1.24928e-05
31 3.43575e-06 1.47394e-05 3.27394e-06 1.66816e-05
32 4.21989e-06 1.91007e-05 4.02576e-06 2.16154e-05
33 5.15668e-06 2.43119e-05 4.92871e-06 2.75187e-05
34 6.55162e-06 3.11063e-05 6.287e-06 3.52176e-05
35 8.41685e-06 3.98041e-05 8.11401e-06 4.50786e-05
36 1.07637e-05 5.03517e-05 1.04227e-05 5.71246e-05
37 1.35617e-05 6.26361e-05 1.31846e-05 7.12301e-05
38 1.67526e-05 7.63475e-05 1.634e-05 8.70269e-05
39 2.03686e-05 9.17799e-05 1.9924e-05 0.000104865
40 2.43503e-05 0.000108675 2.38741e-05 0.000124417
41 2.88067e-05 0.000127415 2.8297e-05 0.000146131
42 3.38606e-05 0.000148279 3.33103e-05 0.000170314
43 3.95545e-05 0.000171241 3.89516e-05 0.000196924
44 4.60116e-05 0.000196613 4.53414e-05 0.000226307
45 5.32573e-05 0.000224354 5.25049e-05 0.000258405
46 6.12439e-05 0.000254193 6.03952e-05 0.000292877
47 6.99152e-05 0.000285953 6.89597e-05 0.000329512
48 7.91956e-05 0.000319453 7.81275e-05 0.000368102
49 8.91066e-05 0.000354949 8.79255e-05 0.000408969
50 9.96089e-05 0.000392391 9.83136e-05 0.000452071
51 0.000110913 0.000432453 0.000109497 0.000498205
53 0.000136097 0.000520905 0.000134396 0.000600121
55 0.00016477 0.000620153 0.000162707 0.000714454
57 0.000196375 0.000728422 0.000193889 0.000839092
59 0.000230415 0.000844965 0.000227477 0.000973339
61 0.000267582 0.000972 0.000264161 0.00112004
63 0.000309144 0.00111178 0.000305155 0.00128187
65 0.000355423 0.00126404 0.000350748 0.0014584
67 0.000405467 0.00142686 0.000400015 0.00164735
69 0.000458361 0.00159952 0.000452087 0.00184807
71 0.000515146 0.00178442 0.000507977 0.00206354
73 0.000577373 0.00198398 0.000569176 0.00229657
75 0.000644651 0.00219727 0.000635297 0.00254592
77 0.000715482 0.00242191 0.000704892 0.00280869
79 0.000789822 0.00265859 0.000777942 0.00308588
81 0.000869294 0.00291045 0.000856031 0.00338125
83 0.000955176 0.00317916 0.000940384 0.00369661
85 0.00104677 0.00346278 0.00103031 0.00402948
87 0.00114301 0.00375924 0.00112478 0.00437749
89 0.00124361 0.00406857 0.00122355 0.00474089
91 0.00134976 0.00439262 0.00132775 0.00512195
93 0.00146256 0.00473245 0.00143843 0.00552167
95 0.00158141 0.00508623 0.00155502 0.00593768
97 0.00170505 0.00545165 0.00167629 0.00636727
99 0.00183337 0.00582903 0.00180216 0.00681105
101 0.00196825 0.00622119 0.00193447 0.00727242
106 0.00233373 0.00726303 0.00229288 0.00849747
111 0.00272837 0.00837691 0.00267978 0.00980599
116 0.00315554 0.00955187 0.00309856 0.0111861
121 0.00360151 0.0107768 0.00353577 0.0126235
126 0.00407074 0.0120465 0.00399582 0.014111
131 0.00455084 0.0133305 0.0044666 0.0156136
136 0.00504436 0.0146248 0.00495076 0.0171273
141 0.00554033 0.015906 0.00543757 0.0186222
146 0.00603602 0.017165 0.00592441 0.0200887
151 0.0065225 0.0183918 0.00640225 0.0215152
156 0.00700383 0.0195845 0.00687508 0.0229005
161 0.00748372 0.0207453 0.00734665 0.0242429
166 0.00795433 0.0218694 0.00780943 0.0255371
171 0.00843354 0.0229832 0.00828087 0.0268137
176 0.00890801 0.0240655 0.00874806 0.0280486
181 0.0093765 0.025124 0.00920966 0.029249
186 0.00984239 0.0261514 0.00966905 0.0304081
191 0.0102855 0.0271215 0.0101062 0.0314976
196 0.0107204 0.0280448 0.0105355 0.0325299
201 0.0111271 0.0288975 0.0109372 0.0334783
206 0.0115034 0.0296697 0.0113094 0.0343304
211 0.0118437 0.0303542 0.0116465 0.0350777
216 0.0121555 0.0309522 0.0119554 0.0357224
221 0.0124036 0.0314208 0.012202 0.0362167
226 0.0126076 0.031788 0.0124054 0.036596
231 0.0127818 0.0320667 0.0125794 0.0368741
236 0.0129067 0.03223 0.0127051 0.0370226
241 0.0129954 0.0323073 0.0127953 0.0370731
246 0.0130716 0.0323209 0.012873 0.0370506
251 0.0131144 0.0322623 0.0129181 0.0369474
256 0.0131402 0.0321667 0.0129467 0.0368021
261 0.0131489 0.0320332 0.0129587 0.0366126
266 0.0131413 0.031857 0.0129543 0.0363748
271 0.0131112 0.0316356 0.0129278 0.0360878
276 0.0130623 0.0313765 0.0128829 0.0357609
281 0.0130009 0.0310845 0.0128256 0.0353986
286 0.0129333 0.0307712 0.0127619 0.0350134
291 0.0128462 0.0304201 0.0126794 0.0345876
296 0.0127407 0.0300317 0.0125791 0.0341216
301 0.0126183 0.0296208 0.0124621 0.0336307
306 0.0124784 0.0291755 0.0123277 0.0331028
311 0.0123151 0.0286856 0.0121702 0.0325271
316 0.012135 0.02816 0.0119962 0.0319136
321 0.0119376 0.0276029 0.0118052 0.0312677
326 0.0117196 0.0270096 0.0115937 0.0305841
331 0.0114804 0.0263842 0.0113611 0.0298653
336 0.0112326 0.0257373 0.0111201 0.0291228
341 0.0109732 0.0250663 0.0108677 0.0283539
346 0.0106946 0.0243691 0.010596 0.0275555
351 0.0103926 0.0236366 0.0103008 0.026718
356 0.0100767 0.0228772 0.00999159 0.0258495
361 0.00975708 0.0221119 0.00967836 0.0249721
366 0.00944154 0.0213482 0.00936887 0.0240943
371 0.00912669 0.0205902 0.00905972 0.0232198
376 0.00880885 0.019839 0.00874733 0.0223495
381 0.00848648 0.0190953 0.00843011 0.0214845
386 0.00816529 0.0183678 0.00811379 0.0206347
391 0.00784581 0.0176499 0.00779891 0.0197928
396 0.00753112 0.0169401 0.00748838 0.0189571
401 0.00722137 0.0162414 0.00718229 0.0181322
406 0.0069172 0.0155595 0.00688147 0.0173251
411 0.00661798 0.0148978 0.00658546 0.01654
416 0.00632859 0.0142603 0.00629903 0.0157819
421 0.00604989 0.0136513 0.00602295 0.0150562
426 0.00578424 0.0130727 0.0057595 0.014365
431 0.00552995 0.0125207 0.00550722 0.0137051
436 0.00528506 0.011994 0.00526424 0.0130758
441 0.00504965 0.0114922 0.00503057 0.0124775
446 0.00482768 0.0110143 0.00481021 0.0119086
451 0.00461815 0.0105594 0.00460213 0.0113676
456 0.00442026 0.0101326 0.00440552 0.010861
461 0.00423416 0.009735 0.00422057 0.0103905
466 0.00405891 0.00936162 0.0040464 0.00995021
471 0.00389318 0.00900894 0.00388172 0.00953582
476 0.00373805 0.00867733 0.00372752 0.00914741
481 0.00359289 0.00836896 0.00358319 0.00878723
486 0.00345742 0.0080837 0.00344847 0.0084551
491 0.00333118 0.00781788 0.00332295 0.00814665
496 0.00321358 0.00756956 0.00320609 0.00785978
501 0.00310371 0.00733837 0.00309687 0.00759416
506 0.00300145 0.00712486 0.00299517 0.00735023
511 0.00290629 0.00692712 0.00290057 0.00712523
516 0.00281819 0.00674214 0.00281295 0.00691533
521 0.0027365 0.00657004 0.00273165 0.0067209
526 0.00266005 0.00641048 0.00265555 0.00654182
531 0.00258873 0.00626163 0.00258454 0.00637591
536 0.00252236 0.00612275 0.00251857 0.00622212
541 0.0024604 0.00599361 0.00245707 0.00607978
546 0.00240267 0.00587296 0.0023997 0.0059473
551 0.00234897 0.00575991 0.00234627 0.00582382
556 0.00229905 0.00565439 0.00229658 0.00570926
561 0.00225262 0.00555577 0.00225034 0.00560282
566 0.00220963 0.00546326 0.00220752 0.00550344
571 0.00216963 0.00537659 0.00216769 0.00541077
576 0.00213234 0.00529539 0.0021306 0.00532435
581 0.00209766 0.00521882 0.00209611 0.00524319
586 0.00206525 0.00514693 0.00206383 0.00516738
591 0.00203479 0.00507936 0.00203349 0.00509656
596 0.00200625 0.00501531 0.00200508 0.0050298
601 0.00197947 0.00495432 0.00197843 0.00496647
606 0.00195423 0.00489646 0.00195333 0.00490654
611 0.0019303 0.00484147 0.00192953 0.00484979
