10 0.00569857 0.00214039 0.00569853 0.00267759
11 0.0130803 0.00490136 0.0130855 0.00614455
12 0.0246587 0.00918475 0.0246729 0.0115274
13 0.0385819 0.014258 0.0385899 0.0178973
14 0.0511976 0.0186681 0.0511541 0.0234108
15 0.0593105 0.0212877 0.0591504 0.0266444
16 0.0620321 0.0221395 0.0617036 0.0276486
17 0.0607238 0.0222372 0.060212 0.0277376
18 0.057612 0.0225765 0.0569396 0.0281897
19 0.0551725 0.0236735 0.0543739 0.0296437
20 0.0551558 0.0254567 0.0542606 0.0319759
21 0.0579466 0.0275085 0.056985 0.0346312
22 0.0623916 0.029291 0.0614012 0.0369214
23 0.0668059 0.0303822 0.0658294 0.03832
24 0.0705828 0.0308284 0.0696586 0.0388957
25 0.0736279 0.03086 0.0727827 0.0389514
26 0.0762174 0.0307855 0.0754617 0.0388873
27 0.0786637 0.0308438 0.0779929 0.0390079
28 0.0810943 0.0311456 0.080493 0.039449
29 0.083483 0.0316751 0.0829303 0.040181
30 0.0857343 0.0323834 0.0852082 0.0411344
31 0.0877504 0.0332195 0.0872308 0.0422415
32 0.0894797 0.034131 0.088951 0.0434364
33 0.0909146 0.0350725 0.0903663 0.0446634
34 0.0920338 0.0359904 0.0914617 0.0458556
35 0.0930512 0.0369488 0.0924485 0.0470935
36 0.0939329 0.0378807 0.0932984 0.048293
37 0.0946873 0.0387408 0.0940234 0.0493965
38 0.0953683 0.039521 0.0946785 0.0503945
39 0.0960165 0.0402173 0.0953053 0.0512824
40 0.0966816 0.04083 0.0959543 0.0520606
41 0.0973609 0.04136 0.0966237 0.0527311
42 0.0980523 0.0418085 0.0973113 0.0532959
43 0.0987401 0.0421737 0.0980013 0.0537516
44 0.0993964 0.0424564 0.0986652 0.0540991
45 0.0999842 0.0426577 0.0992654 0.0543398
46 0.100466 0.0427797 0.099764 0.0544762
47 0.100815 0.0428271 0.100133 0.0545146
48 0.101017 0.0428056 0.100357 0.0544623
49 0.101077 0.0427246 0.100441 0.0543315
50 0.101009 0.0425941 0.100398 0.0541351
51 0.100833 0.0424265 0.100248 0.0538888
53 0.100203 0.0420181 0.0996668 0.0532927
55 0.0991751 0.0415431 0.0986834 0.0525957
57 0.0976586 0.0409922 0.0972073 0.0517852
59 0.0956638 0.0403452 0.0952496 0.0508396
61 0.0933176 0.0395953 0.092939 0.0497564
63 0.0908747 0.0387799 0.0905307 0.0485852
65 0.088206 0.0378296 0.0878995 0.0472407
67 0.0854288 0.0368245 0.0851578 0.045827
69 0.0825083 0.0357324 0.0822735 0.0443074
71 0.079495 0.0345544 0.0792972 0.0426861
73 0.07646 0.0333214 0.0762987 0.0410032
75 0.0733989 0.0320505 0.0732729 0.0392812
77 0.0702945 0.0307501 0.0702021 0.0375309
79 0.0671608 0.0294316 0.0670999 0.0357677
81 0.0640411 0.0281088 0.0640092 0.0340099
83 0.0609717 0.0267963 0.0609661 0.0322756
85 0.0579642 0.0255036 0.0579818 0.0305764
87 0.0550206 0.0242359 0.0550582 0.0289185
89 0.0521532 0.0229975 0.0522078 0.0273072
91 0.0493831 0.0217961 0.0494519 0.0257517
93 0.0467235 0.0206403 0.0468042 0.0242623
95 0.0441804 0.0195358 0.0442707 0.0228449
97 0.0417598 0.018484 0.0418575 0.0215008
99 0.0394702 0.0174861 0.0395732 0.0202306
101 0.0373154 0.0165427 0.037422 0.0190345
106 0.0324582 0.0143998 0.0325687 0.0163367
111 0.0283287 0.0125913 0.0284346 0.0140826
116 0.0248276 0.0110797 0.0249248 0.0122137
121 0.0219594 0.00985813 0.0220453 0.0107108
126 0.0196488 0.00889403 0.0197227 0.00952705
131 0.0178141 0.00815368 0.0178755 0.00861766
136 0.0163919 0.0076046 0.0164419 0.00793991
141 0.0153252 0.00721818 0.0153649 0.00745714
146 0.014566 0.00696785 0.0145967 0.00713525
151 0.0140729 0.00682833 0.0140958 0.00694381
156 0.0137912 0.00677399 0.0138082 0.0068525
161 0.0136833 0.00678366 0.0136956 0.00683642
166 0.0137056 0.00683763 0.0137144 0.00687287
171 0.0138251 0.00692277 0.0138314 0.00694654
176 0.0140086 0.00702681 0.014013 0.00704322
181 0.0142283 0.00713796 0.0142313 0.00714998
186 0.014463 0.00724698 0.0144653 0.00725668
191 0.0146858 0.00734305 0.0146877 0.0073518
196 0.0148568 0.00740872 0.0148585 0.00741735
201 0.0149222 0.0074211 0.0149238 0.00743008
211 0.0145143 0.00718695 0.014516 0.0071972
221 0.0131369 0.00649443 0.0131387 0.00650572
231 0.0107348 0.00531312 0.0107367 0.00532328
