10 0 0 -7.114e-10 0
11 0 0 -7.114e-10 0
12 0 0 -7.114e-10 0
13 0 0 -7.114e-10 0
14 2.07907e-12 8.61147e-11 -7.09313e-10 9.65055e-11
15 1.03719e-08 2.67261e-08 9.20471e-09 3.04228e-08
16 8.03871e-08 2.21059e-07 7.5939e-08 2.5195e-07
17 3.52483e-07 9.73661e-07 3.35499e-07 1.11135e-06
18 1.12799e-06 3.09089e-06 1.07569e-06 3.53061e-06
19 2.91478e-06 7.89049e-06 2.78224e-06 9.01727e-06
20 6.34955e-06 1.69085e-05 6.06661e-06 1.93336e-05
21 1.20212e-05 3.13834e-05 1.14991e-05 3.5909e-05
22 2.02533e-05 5.17432e-05 1.94012e-05 5.92534e-05
23 3.10311e-05 7.76096e-05 2.97724e-05 8.89628e-05
24 4.39896e-05 0.000108009 4.22756e-05 0.000123965
25 5.84573e-05 0.000141681 5.62762e-05 0.000162877
26 7.35436e-05 0.000177412 7.09264e-05 0.000204392
27 8.82949e-05 0.00021433 8.53138e-05 0.000247606
28 0.000101832 0.000251989 9.85903e-05 0.000292101
29 0.000113633 0.000290462 0.000110245 0.000338024
30 0.000123848 0.000330402 0.000120401 0.000386155
31 0.000133379 0.000373062 0.000129912 0.000437918
32 0.000143575 0.000419898 0.000140062 0.000494918
33 0.000155815 0.000471979 0.000152184 0.000558285
34 0.00017075 0.000529891 0.00016691 0.000628537
35 0.000188262 0.000592536 0.000184126 0.000704413
36 0.000207924 0.000658957 0.000203425 0.000784748
37 0.00022921 0.000728213 0.000224307 0.000868447
38 0.000251733 0.000800132 0.000246403 0.000955307
39 0.000275392 0.000875127 0.000269627 0.00104584
40 0.000300468 0.000954214 0.000294261 0.00114129
41 0.000327477 0.0010386 0.000320806 0.00124307
42 0.000356979 0.00112936 0.0003498 0.00135243
43 0.0003894 0.00122708 0.000381655 0.00147
44 0.000424852 0.00133162 0.000416471 0.00159553
45 0.000463188 0.00144239 0.000454104 0.00172824
46 0.000503988 0.0015585 0.000494151 0.00186706
47 0.000546786 0.00167917 0.000536163 0.0020111
48 0.00059127 0.00180411 0.000579848 0.00216008
49 0.000637415 0.00193359 0.000625188 0.00231442
50 0.00068536 0.00206807 0.000672316 0.00247477
51 0.000735498 0.00220839 0.00072161 0.00264212
53 0.000843701 0.00250817 0.000827975 0.0029997
55 0.000962722 0.00283168 0.000944923 0.00338533
57 0.00108988 0.0031732 0.00106984 0.00379215
59 0.00122298 0.00353062 0.00120062 0.00421805
61 0.0013645 0.00390878 0.00133969 0.00466917
63 0.00151798 0.00431197 0.00149044 0.00515034
65 0.00168238 0.00473735 0.00165188 0.00565784
67 0.00185456 0.0051798 0.00182096 0.00618546
69 0.00203402 0.00563923 0.0019972 0.00673349
71 0.00222355 0.00611991 0.00218333 0.00730719
73 0.00242535 0.00662406 0.00238147 0.00790893
75 0.0026373 0.00714726 0.00258956 0.0085332
77 0.00285616 0.00768435 0.00280442 0.00917385
79 0.00308147 0.00823525 0.00302563 0.00983103
81 0.00331609 0.00880309 0.00325598 0.0105086
83 0.00356134 0.00938752 0.00349672 0.0112059
85 0.00381505 0.00998493 0.00374573 0.0119183
87 0.00407502 0.0105926 0.00400088 0.0126427
89 0.00434139 0.0112105 0.00426231 0.0133794
91 0.00461651 0.0118411 0.00453238 0.0141312
93 0.00490114 0.0124858 0.00481179 0.0148993
95 0.0051923 0.0131419 0.00509763 0.0156802
97 0.00548741 0.0138049 0.00538735 0.0164685
99 0.00578676 0.014473 0.00568127 0.0172624
101 0.00609337 0.0151479 0.00598235 0.0180639
106 0.0068824 0.0168525 0.00675735 0.0200851
111 0.00769175 0.0185637 0.00755263 0.0221121
116 0.00852682 0.0202697 0.00837354 0.0241301
121 0.00936886 0.021944 0.00920163 0.0261079
126 0.0102256 0.0236112 0.0100446 0.0280717
131 0.0110986 0.0252605 0.0109038 0.030006
136 0.0120062 0.0269124 0.0117974 0.0319352
141 0.0129279 0.0285447 0.0127053 0.0338287
146 0.0138843 0.030169 0.0136482 0.0357038
151 0.0148249 0.0317352 0.0145763 0.0375006
156 0.0157482 0.0332218 0.0154885 0.039196
161 0.0166268 0.034597 0.0163569 0.0407491
166 0.0174212 0.0357913 0.0171435 0.0420815
171 0.0181425 0.0368131 0.0178583 0.0432057
176 0.0187472 0.0375833 0.0184592 0.0440359
181 0.0192759 0.038174 0.0189856 0.0446516
186 0.0197005 0.038542 0.0194096 0.0450033
191 0.0200445 0.0387434 0.0197542 0.0451585
196 0.0203448 0.0388266 0.020056 0.0451727
201 0.0205857 0.0388141 0.0203002 0.0450729
211 0.0209496 0.038495 0.0206731 0.0445272
221 0.0211148 0.0378027 0.020851 0.0435458
231 0.0210057 0.036667 0.0207593 0.042052
241 0.0205064 0.0349259 0.020283 0.039871
251 0.0195746 0.0326223 0.0193802 0.037063
261 0.0182764 0.0298076 0.0181139 0.0336952
271 0.0166346 0.0266705 0.0165052 0.0299858
281 0.0148645 0.0234483 0.0147659 0.0262038
291 0.0130551 0.0203511 0.012984 0.0225857
301 0.0113091 0.0175214 0.0112614 0.0192806
311 0.00975133 0.0150632 0.00972063 0.0164043
321 0.00845122 0.0130556 0.00843284 0.0140413
331 0.00740711 0.0114992 0.0073967 0.0121937
341 0.00662221 0.010344 0.0066165 0.0108107
351 0.00605839 0.00952259 0.00605529 0.00981938
361 0.00568158 0.00895798 0.00568001 0.00913525
371 0.00545011 0.00857838 0.00544914 0.00867785
381 0.00532738 0.00832929 0.00532695 0.00838186
391 0.00527982 0.00815946 0.00527963 0.00818553
401 0.00527869 0.00803269 0.00527858 0.00804489
411 0.00530297 0.00792422 0.00530307 0.0079303
421 0.00534035 0.00781907 0.00534054 0.00782266
431 0.00538153 0.00770899 0.00538183 0.00771164
441 0.00542103 0.00758911 0.00542146 0.00759142
451 0.00545651 0.00745954 0.00545701 0.00746188
461 0.00548683 0.00732085 0.00548742 0.00732314
471 0.00551163 0.00717368 0.00551232 0.00717588
481 0.00553065 0.00701933 0.00553137 0.00702139
491 0.00554504 0.00686024 0.00554589 0.00686213
501 0.00555562 0.00669707 0.00555661 0.00669883
511 0.00556181 0.00652906 0.00556285 0.00653085
521 0.00554732 0.00633855 0.00554842 0.00634026
531 0.00544346 0.0060556 0.00544461 0.00605714
541 0.00512822 0.00556135 0.00512941 0.00556276
551 0.00449294 0.0047592 0.004494 0.00476039
561 0.00354222 0.00367328 0.00354308 0.00367416
