10 0.0703346 0.00602566 0.0700972 0.00807933
11 0.147451 0.0126573 0.146964 0.01701
12 0.24538 0.0212836 0.244568 0.0286431
13 0.324837 0.0287913 0.323731 0.0387809
14 0.344245 0.0318 0.342997 0.0428524
15 0.295998 0.0295734 0.294799 0.0398571
16 0.213065 0.0246361 0.212038 0.0331933
17 0.137569 0.020283 0.136734 0.0273023
18 0.0904813 0.0181281 0.0897919 0.0243639
19 0.0693592 0.0178715 0.0687571 0.0239803
20 0.0628013 0.0183995 0.0622525 0.0246524
21 0.0650359 0.0190724 0.0645272 0.0255169
22 0.0688132 0.0192568 0.0683596 0.025711
23 0.0726407 0.0189036 0.0722628 0.0251673
24 0.0761423 0.018146 0.075856 0.0240674
25 0.0790645 0.0171662 0.0788768 0.0226587
26 0.0812581 0.0161469 0.0811651 0.0211916
27 0.0825869 0.0152275 0.0825763 0.0198605
28 0.0829235 0.0144807 0.0829784 0.0187715
29 0.0821856 0.0139195 0.082288 0.0179484
30 0.0803876 0.0135174 0.0805215 0.0173575
31 0.0776368 0.0132234 0.0777897 0.0169295
32 0.0741377 0.0129892 0.0743004 0.0165965
33 0.0700705 0.0127295 0.0702388 0.0162367
34 0.0657584 0.0124952 0.0659276 0.0159171
35 0.0613763 0.0122672 0.0615442 0.0156088
36 0.0570162 0.0119766 0.0571841 0.0152158
37 0.0527888 0.0116281 0.052959 0.0147443
38 0.0487363 0.0112282 0.0489113 0.014204
39 0.0449994 0.0107919 0.0451818 0.013614
40 0.0415703 0.0103295 0.0417622 0.0129889
41 0.038452 0.00985349 0.0386548 0.0123453
42 0.0356212 0.00937007 0.0358355 0.0116922
43 0.033037 0.00888257 0.033263 0.0110348
44 0.0306557 0.00839279 0.0308928 0.0103762
45 0.0284412 0.00790298 0.0286886 0.00972001
46 0.0263714 0.00741736 0.0266279 0.00907233
47 0.0244363 0.00694155 0.0247005 0.00844074
48 0.0226337 0.00648187 0.0229038 0.00783346
49 0.0209654 0.00604451 0.0212396 0.00725828
50 0.0194341 0.00563464 0.0197103 0.00672151
51 0.0180366 0.00525537 0.0183128 0.00622668
53 0.0156294 0.00459217 0.0158994 0.00536557
55 0.0136814 0.00404585 0.0139383 0.00466042
57 0.0121105 0.00359705 0.0123495 0.0040849
59 0.0108069 0.00321852 0.0110259 0.0036035
61 0.00979611 0.00291591 0.00999346 0.00322131
63 0.00902815 0.00267637 0.0092033 0.00292079
65 0.00841476 0.00246375 0.00856991 0.00265641
67 0.00796376 0.00229902 0.00809936 0.00245424
69 0.00761155 0.00215534 0.0077296 0.00227979
71 0.00733733 0.00203097 0.00743973 0.00213034
73 0.00712021 0.00192365 0.00720871 0.00200274
75 0.00694309 0.00183028 0.00701925 0.00189303
77 0.00679448 0.00174807 0.00685974 0.00179767
79 0.00666478 0.0016748 0.00672046 0.0017139
81 0.0065431 0.00160853 0.00659035 0.00163927
83 0.00641714 0.00154715 0.00645699 0.00157123
85 0.00628183 0.00148924 0.00631521 0.00150803
87 0.00613759 0.00143404 0.00616537 0.00144863
89 0.00598361 0.00138071 0.00600659 0.001392
91 0.00581598 0.00132802 0.00583482 0.00133671
93 0.00562996 0.00127461 0.00564523 0.00128124
95 0.00542532 0.00121999 0.00543756 0.00122499
