10 8.54317e-05 0.000249507 8.29303e-05 0.000297187
11 0.000235104 0.000699525 0.000228733 0.000835354
12 0.000479406 0.00154505 0.000467709 0.00184801
13 0.000844761 0.00282011 0.000825647 0.00337767
14 0.00136992 0.00431619 0.00133832 0.00517622
15 0.00208269 0.00564206 0.00202942 0.00677599
16 0.00301817 0.00651698 0.00293171 0.00784099
17 0.00421011 0.0069983 0.00408147 0.00843959
18 0.00565375 0.00740443 0.00548056 0.00895396
19 0.00724317 0.00800704 0.00703042 0.00971141
20 0.0087949 0.0088642 0.00855141 0.0107831
21 0.0101192 0.00983376 0.0098543 0.0119951
22 0.0111021 0.0107347 0.0108248 0.0131223
23 0.011726 0.0114477 0.0114449 0.0140163
24 0.0120478 0.0119709 0.0117712 0.0146789
25 0.0121393 0.0123788 0.0118745 0.015206
26 0.012074 0.0127371 0.0118267 0.0156808
27 0.0119486 0.0130992 0.011721 0.0161662
28 0.011834 0.013482 0.0116252 0.0166784
29 0.0117805 0.0138868 0.0115873 0.0172155
30 0.0118376 0.0143253 0.0116547 0.0177894
31 0.012014 0.0147942 0.0118357 0.0183961
32 0.0122959 0.015291 0.012117 0.0190333
33 0.0126541 0.0158107 0.0124705 0.0196967
34 0.0130569 0.0163497 0.0128656 0.0203834
35 0.013475 0.0168983 0.0132746 0.0210821
36 0.0139341 0.0174908 0.0137225 0.0218354
37 0.0144095 0.0181061 0.0141857 0.0226169
38 0.0148913 0.0187339 0.0146556 0.0234145
39 0.0153848 0.0193723 0.0151373 0.0242252
40 0.0158935 0.0200216 0.0156348 0.0250494
41 0.0164198 0.0206777 0.0161505 0.025881
42 0.0169634 0.0213406 0.0166844 0.0267203
43 0.0175244 0.0220146 0.0172362 0.0275728
44 0.0180943 0.0226904 0.0177977 0.0284263
45 0.0186641 0.0233627 0.0183598 0.0292743
46 0.0192253 0.0240248 0.0189142 0.0301086
47 0.0197775 0.0246801 0.0194603 0.0309333
48 0.0203142 0.02532 0.0199917 0.0317378
49 0.0208407 0.0259518 0.0205133 0.032531
50 0.0213536 0.0265699 0.0210218 0.033306
51 0.021856 0.0271776 0.0215201 0.0340667
53 0.0228324 0.0283603 0.022489 0.0355423
55 0.0237799 0.029505 0.0234287 0.0369625
57 0.0246954 0.03061 0.0243363 0.0383244
59 0.0255853 0.0316791 0.0252178 0.0396336
61 0.0264751 0.0327238 0.0260987 0.0409062
63 0.0273804 0.0337564 0.0269945 0.0421578
65 0.0282889 0.0347739 0.0278937 0.0433842
67 0.0291782 0.0357643 0.028774 0.0445705
69 0.0300514 0.0367345 0.0296385 0.0457265
71 0.0309075 0.0376754 0.0304866 0.0468419
73 0.0317541 0.0385857 0.0313257 0.0479156
75 0.0325829 0.0394594 0.0321478 0.0489396
77 0.0333757 0.040287 0.0329346 0.0499016
79 0.0341237 0.0410673 0.0336773 0.0508009
81 0.0348286 0.0417951 0.0343779 0.0516328
83 0.0354923 0.0424619 0.0350381 0.0523875
85 0.0361158 0.0430698 0.0356588 0.053067
87 0.036698 0.04363 0.0362386 0.0536845
89 0.0372314 0.0441394 0.0367703 0.054237
91 0.03771 0.044584 0.0372479 0.0547086
93 0.0381441 0.0449696 0.0376815 0.0551068
95 0.0385469 0.045315 0.0380841 0.0554541
97 0.0389169 0.0456277 0.0384543 0.0557588
99 0.0392404 0.0458943 0.0387785 0.0560056
101 0.0395189 0.0461084 0.0390581 0.056188
106 0.0401095 0.0464999 0.0396527 0.0564665
111 0.0405381 0.0467138 0.0400865 0.0565239
116 0.0408525 0.0467644 0.0404075 0.0563844
121 0.0410454 0.0466768 0.0406077 0.0560795
126 0.0411239 0.0464445 0.0406947 0.0556034
131 0.0411109 0.0461315 0.0406906 0.0550305
136 0.0409816 0.0457061 0.0405716 0.0543248
141 0.040699 0.045147 0.0403011 0.0534647
146 0.0402876 0.0444595 0.039903 0.0524555
151 0.039669 0.0435944 0.0393001 0.0512423
156 0.0388994 0.0425705 0.0385484 0.0498506
161 0.0379232 0.041372 0.037592 0.0482604
166 0.0367693 0.0400257 0.0364592 0.0465076
171 0.0354624 0.0385476 0.0351745 0.0446138
176 0.0340412 0.0369606 0.0337758 0.0426062
181 0.0325221 0.0352984 0.032279 0.0405248
186 0.030945 0.0335894 0.0307244 0.0384043
191 0.0293193 0.0318514 0.0291209 0.036265
196 0.0276833 0.0301158 0.027506 0.0341439
201 0.0260456 0.0284122 0.0258881 0.0320744
206 0.0244464 0.026756 0.0243073 0.0300737
211 0.0228919 0.0251577 0.0227701 0.0281527
216 0.0214041 0.023635 0.0212987 0.0263308
221 0.0199828 0.0221987 0.0198923 0.024619
226 0.018631 0.0208502 0.0185537 0.0230181
231 0.0173634 0.0195895 0.0172976 0.0215266
236 0.0162026 0.018429 0.0161469 0.0201558
241 0.0151351 0.0173677 0.0150882 0.0189037
246 0.0141596 0.0164057 0.0141204 0.0177716
251 0.0132698 0.0155377 0.0132374 0.0167522
256 0.0124612 0.014754 0.0124346 0.0158327
261 0.0117263 0.0140444 0.0117047 0.0150008
266 0.0110589 0.0134039 0.0110414 0.01425
271 0.0104588 0.0128318 0.0104449 0.0135796
276 0.00992113 0.0123245 0.0099102 0.012985
281 0.00943853 0.0118757 0.00942982 0.0124584
286 0.0090067 0.0114756 0.00899993 0.0119883
291 0.00862083 0.0111198 0.00861572 0.0115695
296 0.0082793 0.0108069 0.00827528 0.0112011
301 0.00797702 0.010534 0.00797374 0.0108792
306 0.00770613 0.0102915 0.00770369 0.0105929
311 0.00745634 0.0100583 0.00745478 0.0103198
316 0.00723092 0.00984997 0.00722988 0.0100751
321 0.00702857 0.00966263 0.00702773 0.00985568
326 0.00684636 0.00949417 0.00684566 0.00965925
331 0.00668045 0.00934081 0.00667993 0.00948137
336 0.00652961 0.00920118 0.00652918 0.00932042
341 0.00639295 0.00907427 0.00639254 0.0091752
346 0.00626897 0.00895894 0.00626865 0.00904403
351 0.00615588 0.00885294 0.00615562 0.00892443
356 0.00605239 0.00875425 0.00605211 0.00881412
361 0.00595655 0.00866163 0.0059563 0.00871134
366 0.00586704 0.00857452 0.00586692 0.00861551
371 0.00578269 0.00849179 0.00578265 0.00852543
376 0.00570257 0.00841236 0.00570254 0.00843993
381 0.00562619 0.00833549 0.00562619 0.00835813
386 0.00555383 0.00826106 0.00555385 0.00827968
391 0.00548475 0.0081885 0.00548472 0.00820375
