10 0.0001551 0.0003902 0.000151784 0.000467202
11 0.000415525 0.00106454 0.000407734 0.00127784
12 0.000850235 0.00230879 0.000836925 0.00277612
13 0.00148886 0.00413101 0.00146818 0.00497429
14 0.00234361 0.00617772 0.00230886 0.00744879
15 0.00339176 0.00785475 0.00332989 0.00948488
16 0.00465435 0.00878723 0.0045486 0.0106305
17 0.00621847 0.0091447 0.00605498 0.0110888
18 0.00814039 0.00946165 0.00791405 0.0115042
19 0.0102993 0.010146 0.0100152 0.0123707
20 0.0124186 0.0112316 0.012088 0.0137309
21 0.0142025 0.0124529 0.0138391 0.0152592
22 0.0154866 0.0135342 0.0151048 0.0166134
23 0.0162598 0.0143254 0.0158739 0.0176071
24 0.0165969 0.0148289 0.0162202 0.0182482
25 0.0166076 0.0151642 0.0162516 0.0186902
26 0.0164126 0.015437 0.016085 0.0190656
27 0.0161375 0.0157124 0.0158413 0.0194511
28 0.0158884 0.0160212 0.0156218 0.0198796
29 0.015747 0.0163832 0.0155043 0.0203712
30 0.0157635 0.0168053 0.0155369 0.0209322
31 0.0159527 0.0172907 0.0157339 0.0215668
32 0.0162975 0.017839 0.0160786 0.0222751
33 0.0167619 0.0184438 0.0165367 0.0230516
34 0.017298 0.0190903 0.0170624 0.0238793
35 0.0178838 0.0197779 0.0176348 0.0247582
36 0.0185329 0.020522 0.0182677 0.0257072
37 0.0192128 0.0212978 0.0189303 0.0266958
38 0.0199049 0.0220855 0.0196053 0.0276997
39 0.0206113 0.022879 0.0202952 0.0287107
40 0.0213382 0.0236765 0.0210066 0.0297263
41 0.0220891 0.0244747 0.0217432 0.0307415
42 0.0228608 0.0252724 0.0225017 0.0317549
43 0.0236453 0.0260669 0.0232744 0.032763
44 0.0244316 0.0268523 0.0240503 0.0337582
45 0.0252073 0.0276244 0.0248171 0.0347354
46 0.0259638 0.0283805 0.025566 0.035691
47 0.026696 0.0291189 0.0262918 0.0366231
48 0.0274027 0.0298387 0.0269934 0.0375306
49 0.0280855 0.0305397 0.027672 0.0384132
50 0.0287473 0.0312224 0.0283303 0.0392713
51 0.0293912 0.0318873 0.0289711 0.0401054
53 0.03064 0.0331702 0.0302144 0.0417082
55 0.0318446 0.0343966 0.031413 0.0432298
57 0.0330036 0.0355721 0.0325654 0.0446764
59 0.0341257 0.0367031 0.0336801 0.0460572
61 0.0352361 0.0377949 0.0347825 0.0473812
63 0.0363467 0.0388631 0.0358847 0.0486682
65 0.037439 0.0398912 0.036969 0.0498977
67 0.0384959 0.040867 0.0380188 0.0510543
69 0.039524 0.041796 0.0390402 0.0521465
71 0.0405086 0.0426569 0.0400195 0.0531495
73 0.0414431 0.0434367 0.0409501 0.0540485
75 0.0423203 0.0441359 0.0418246 0.0548444
77 0.043135 0.0447624 0.0426375 0.055546
79 0.0438713 0.0453084 0.0433731 0.0561442
81 0.0445316 0.0457667 0.0440338 0.0566309
83 0.0451426 0.0461559 0.0446459 0.0570294
85 0.045711 0.0464924 0.0452159 0.0573594
87 0.0462122 0.0467688 0.0457191 0.0576113
89 0.0466424 0.0469826 0.0461523 0.0577825
91 0.0470355 0.0471497 0.0465488 0.0578942
93 0.047408 0.047281 0.0469251 0.0579601
95 0.0477435 0.047372 0.0472647 0.0579745
97 0.0480321 0.047419 0.0475576 0.0579328
99 0.0482862 0.0474258 0.047816 0.0578406
101 0.0485227 0.0474003 0.048057 0.0577081
106 0.0489821 0.047202 0.0485278 0.057209
111 0.0492152 0.0467877 0.048775 0.0564465
116 0.0492674 0.0461841 0.0488437 0.0554571
121 0.0490035 0.0453306 0.0485994 0.0541709
126 0.0484782 0.0442336 0.0480969 0.0525967
131 0.0475448 0.0428385 0.0471896 0.0506773
136 0.0462025 0.0411249 0.0458761 0.0483977
141 0.0444067 0.0390939 0.0441124 0.0457624
146 0.0422984 0.0368364 0.0420378 0.0428786
151 0.0399114 0.034416 0.0396847 0.0398239
156 0.0373316 0.0319025 0.0371382 0.0366857
161 0.0346044 0.0293516 0.0344429 0.0335297
166 0.0318615 0.0268414 0.0317296 0.0304478
171 0.0291414 0.0244346 0.0290361 0.0275114
176 0.0265201 0.022164 0.0264379 0.0247565
181 0.0240305 0.0200661 0.0239683 0.0222248
186 0.0217245 0.0181719 0.0216793 0.0199508
191 0.0196589 0.016507 0.0196278 0.0179578
196 0.0178377 0.0150684 0.0178174 0.0162379
201 0.0162579 0.013846 0.0162452 0.0147791
211 0.013791 0.0119932 0.0137874 0.012571
221 0.0121407 0.0108025 0.0121425 0.0111443
231 0.0111324 0.0100992 0.0111353 0.0102932
241 0.0105892 0.00972596 0.0105916 0.00983073
251 0.0103674 0.00955693 0.0103692 0.00961116
261 0.01034 0.00949722 0.0103415 0.00952438
271 0.0104165 0.00948199 0.0104177 0.00949583
281 0.010539 0.0094762 0.0105399 0.00948481
291 0.0106729 0.00946003 0.0106738 0.00946699
301 0.0107993 0.00942332 0.0108003 0.00942995
311 0.0108786 0.00931243 0.0108798 0.00931928
321 0.0108965 0.00914738 0.0108979 0.00915455
331 0.0108558 0.0089339 0.0108575 0.00894113
341 0.0106293 0.00857596 0.0106311 0.00858294
351 0.00997156 0.00789568 0.00997348 0.00790213
361 0.00869124 0.0067656 0.00869323 0.00677134
371 0.00681095 0.00522379 0.00681278 0.00522824
