10 0.044201 0.00352997 0.0442396 0.00461892
11 0.0958497 0.00760413 0.0959321 0.00997736
12 0.165217 0.0132826 0.165339 0.0174503
13 0.227601 0.0190239 0.227702 0.0250016
14 0.253286 0.0228826 0.253248 0.0300539
15 0.232077 0.0240382 0.231796 0.0315155
16 0.18169 0.0233952 0.18115 0.0305685
17 0.12998 0.0225305 0.129264 0.029288
18 0.0941746 0.0224307 0.0933983 0.0289905
19 0.0767611 0.0232157 0.0759916 0.0298648
20 0.0723594 0.0243671 0.071609 0.0312565
21 0.0773402 0.0254785 0.0766033 0.0326467
22 0.0860767 0.0260694 0.0853549 0.0334017
23 0.096041 0.0260822 0.0953492 0.0334425
24 0.106432 0.0257055 0.105785 0.033012
25 0.116402 0.0251207 0.115813 0.0323303
26 0.125472 0.0245252 0.124944 0.0316373
27 0.133187 0.0240619 0.132712 0.0311052
28 0.13912 0.0238032 0.138687 0.0308211
29 0.14295 0.0237513 0.142546 0.0307875
30 0.144556 0.0238705 0.144169 0.0309607
31 0.144061 0.0240993 0.143682 0.0312647
32 0.141804 0.024374 0.141428 0.0316203
33 0.138202 0.0245979 0.137827 0.0319037
34 0.133752 0.0248035 0.133379 0.0321544
35 0.128884 0.0249974 0.128512 0.0323802
36 0.123764 0.0250715 0.123398 0.032443
37 0.118583 0.0250199 0.11823 0.0323362
38 0.113421 0.0248396 0.113086 0.0320576
39 0.108462 0.0245408 0.108155 0.031621
40 0.103748 0.0241322 0.103473 0.0310394
41 0.0992841 0.0236343 0.0990487 0.0303401
42 0.0950565 0.023059 0.0948652 0.0295401
43 0.091026 0.0224192 0.0908822 0.0286568
44 0.0871479 0.0217262 0.0870532 0.0277059
45 0.0833846 0.0209908 0.0833394 0.026702
46 0.0797193 0.0202257 0.0797226 0.0256619
47 0.0761512 0.0194441 0.0762009 0.0246035
48 0.0726948 0.0186605 0.0727881 0.0235454
49 0.0693704 0.0178889 0.0695037 0.0225057
50 0.0661975 0.0171421 0.0663669 0.0215006
51 0.0631899 0.0164297 0.0633909 0.0205423
53 0.0576733 0.0151274 0.0579239 0.0187885
55 0.0527502 0.0139873 0.0530332 0.0172493
57 0.0483117 0.0129873 0.0486126 0.0158961
59 0.0442302 0.0120944 0.0445389 0.0146883
61 0.0405733 0.0113052 0.0408821 0.0136218
63 0.0373991 0.0106194 0.0377015 0.0126951
65 0.034524 0.00996223 0.0348193 0.011814
67 0.032025 0.00940231 0.0323087 0.0110642
69 0.0297916 0.00887709 0.0300633 0.0103662
71 0.0278059 0.00838724 0.0280657 0.00971993
73 0.0260457 0.00793628 0.0262936 0.0091285
75 0.0244783 0.00752174 0.0247145 0.00858792
77 0.0230782 0.00714098 0.0233027 0.00809401
79 0.0218247 0.00679307 0.0220375 0.00764475
81 0.0206996 0.00647811 0.0209008 0.00723922
83 0.0196882 0.00619521 0.019878 0.00687545
85 0.0187811 0.00594228 0.0189597 0.0065502
87 0.0179728 0.0057173 0.0181404 0.00626057
89 0.0172567 0.00551899 0.0174136 0.00600459
91 0.0166245 0.00534625 0.0167709 0.0057805
93 0.016068 0.00519748 0.0162042 0.005586
95 0.0155812 0.00507082 0.0157077 0.00541858
97 0.0151605 0.00496452 0.0152776 0.00527599
99 0.0148011 0.00487735 0.0149094 0.00515657
101 0.0144963 0.00480822 0.0145962 0.0050588
106 0.0139154 0.0046943 0.0139969 0.00488457
111 0.0135725 0.00466689 0.0136376 0.00481378
116 0.0133711 0.00469784 0.0134227 0.00481161
121 0.0132712 0.00477289 0.0133119 0.00486122
126 0.0132538 0.00488442 0.0132856 0.00495317
131 0.0132971 0.00502396 0.0133218 0.00507753
136 0.0133866 0.00518602 0.0134057 0.00522774
