10 0.0395077 0.00326105 0.0395695 0.00425473
11 0.0862277 0.00705649 0.0863602 0.009234
12 0.149728 0.0124087 0.149935 0.0162601
13 0.208066 0.0179508 0.208282 0.0235306
14 0.234072 0.0218986 0.234155 0.028685
15 0.217458 0.0234205 0.217272 0.0306192
16 0.173188 0.0232286 0.172702 0.0302607
17 0.12622 0.0226961 0.125525 0.0294141
18 0.0927658 0.0227452 0.09199 0.0293087
19 0.0760209 0.0235614 0.0752458 0.0302194
20 0.0717246 0.0247193 0.0709673 0.031615
21 0.0766435 0.0258464 0.0758986 0.0330224
22 0.0855446 0.0264745 0.084812 0.0338263
23 0.0957851 0.0265351 0.0950786 0.0339342
24 0.106526 0.0262163 0.10586 0.0335881
25 0.11687 0.0256913 0.116258 0.0329966
26 0.126326 0.0251534 0.125771 0.0323924
27 0.134418 0.0247407 0.133914 0.0319397
28 0.140698 0.024522 0.140234 0.0317196
29 0.144822 0.0244971 0.144386 0.0317304
30 0.146657 0.0246304 0.146237 0.0319288
31 0.146319 0.0248613 0.145907 0.0322405
32 0.14415 0.0251271 0.143741 0.0325882
33 0.14057 0.0253324 0.140164 0.0328503
34 0.136084 0.0255098 0.135681 0.0330664
35 0.131129 0.0256659 0.130729 0.0332445
36 0.125874 0.0256936 0.125483 0.0332481
37 0.120514 0.0255861 0.120137 0.0330697
38 0.115133 0.0253405 0.114778 0.0327069
39 0.10992 0.0249675 0.109596 0.0321743
40 0.104924 0.0244768 0.104636 0.0314863
41 0.100157 0.02389 0.0999121 0.0306719
42 0.095608 0.0232206 0.095411 0.0297497
43 0.0912434 0.0224828 0.0910974 0.0287393
44 0.0870215 0.0216893 0.086928 0.027658
45 0.0829084 0.0208522 0.0828675 0.0265221
46 0.0788903 0.0199852 0.0789007 0.0253501
47 0.0749705 0.0191027 0.0750298 0.0241609
48 0.0711658 0.0182197 0.0712707 0.0229743
49 0.0674994 0.017351 0.0676461 0.0218094
50 0.0639931 0.0165098 0.0641772 0.020683
51 0.0606619 0.0157059 0.0608785 0.0196075
53 0.0545369 0.0142298 0.0548041 0.0176331
55 0.0490665 0.0129286 0.0493657 0.0158921
57 0.0441531 0.011781 0.0444688 0.0143571
59 0.0396721 0.0107535 0.0399934 0.0129869
61 0.035697 0.00984652 0.0360154 0.0117816
63 0.0322633 0.00905605 0.0325716 0.0107349
65 0.029192 0.00831182 0.0294891 0.00975739
67 0.0265536 0.00767795 0.0268347 0.00892901
69 0.0242344 0.00709432 0.024499 0.00817278
71 0.0222062 0.00656071 0.0224541 0.00748697
73 0.020438 0.00607845 0.0206694 0.0068716
75 0.0189005 0.00564548 0.0191154 0.00632278
77 0.0175659 0.00525876 0.0177646 0.00583554
79 0.016409 0.00491587 0.0165919 0.00540567
81 0.0154093 0.00461506 0.0155769 0.00502988
83 0.0145499 0.00435416 0.0147027 0.00470459
85 0.0138162 0.00412954 0.0139549 0.00442475
87 0.0131966 0.00393749 0.0133219 0.00418542
89 0.0126819 0.0037754 0.0127945 0.00398302
91 0.012262 0.00364125 0.0123628 0.00381469
93 0.0119271 0.00353308 0.0120168 0.00367761
95 0.0116674 0.00344843 0.0117468 0.00356857
97 0.0114745 0.00338479 0.0115445 0.00348441
99 0.0113397 0.00333976 0.0114011 0.00342222
101 0.0112544 0.00331119 0.011308 0.00337933
106 0.0112007 0.00328698 0.0112383 0.00332806
111 0.0112924 0.00330547 0.0113176 0.00333048
116 0.0113665 0.00332779 0.011383 0.00334262
121 0.0113419 0.00332927 0.0113524 0.00333786
126 0.0111297 0.00328314 0.0111362 0.00328804
131 0.0106926 0.00317404 0.0106964 0.00317683
136 0.0100034 0.00299115 0.0100056 0.00299285
141 0.00908274 0.00273705 0.00908404 0.00273826
