10 1.06013e-07 1.06089e-06 9.80541e-08 1.2245e-06
11 4.9522e-07 4.87189e-06 4.58838e-07 5.6312e-06
12 1.88052e-06 1.522e-05 1.75089e-06 1.76111e-05
13 4.53611e-06 3.63428e-05 4.22398e-06 4.2051e-05
14 9.64781e-06 7.08192e-05 9.00369e-06 8.19539e-05
15 1.92371e-05 0.000116665 1.80391e-05 0.000135042
16 3.62383e-05 0.000169672 3.41853e-05 0.00019649
17 6.44831e-05 0.000228381 6.12001e-05 0.000264684
18 0.000108381 0.000298169 0.000103447 0.000346026
19 0.000170919 0.000387323 0.000163935 0.000450428
20 0.000252227 0.000502193 0.000242906 0.000585691
21 0.000348887 0.000644682 0.000337118 0.000754529
22 0.000455269 0.000811693 0.000441125 0.000953672
23 0.000563671 0.000994133 0.000547399 0.00117251
24 0.000669502 0.00118529 0.000651381 0.00140307
25 0.000767892 0.00137839 0.000748246 0.00163729
26 0.000855647 0.00157066 0.000834819 0.00187183
27 0.00093053 0.00175882 0.000908884 0.00210259
28 0.000993207 0.00194514 0.000971072 0.00233227
29 0.00104614 0.0021313 0.00102375 0.00256272
30 0.00109418 0.00231947 0.00107158 0.00279639
31 0.00114429 0.00251281 0.00112131 0.00303667
32 0.00120251 0.00271243 0.0011788 0.00328451
33 0.00127204 0.00291965 0.00124719 0.00354114
34 0.00135184 0.0031317 0.00132549 0.00380315
35 0.00143913 0.00334559 0.00141103 0.00406697
36 0.0015307 0.00355921 0.00150071 0.00433016
37 0.00162492 0.00377435 0.00159297 0.004595
38 0.00172007 0.00399008 0.00168612 0.00486037
39 0.001817 0.00421044 0.00178105 0.0051314
40 0.00191625 0.0044365 0.00187827 0.00540939
41 0.00201958 0.00467107 0.00197951 0.0056977
42 0.00212837 0.00491607 0.00208611 0.00599858
43 0.00224351 0.00517245 0.00219896 0.00631308
44 0.00236469 0.00543911 0.00231774 0.00663973
45 0.00249103 0.00571431 0.00244161 0.00697633
46 0.00262118 0.00599615 0.00256923 0.00732056
47 0.00275401 0.00628324 0.00269955 0.00767079
48 0.00288857 0.00657416 0.00283161 0.00802537
49 0.00302499 0.00686955 0.00296556 0.00838519
50 0.00316335 0.00716964 0.00310147 0.00875066
51 0.00330418 0.00747458 0.00323983 0.00912189
53 0.00359492 0.00809941 0.00352555 0.00988182
55 0.00389597 0.00873978 0.00382145 0.0106592
57 0.00420207 0.0093886 0.00412234 0.0114454
59 0.00451145 0.0100436 0.00442652 0.0122383
61 0.00482835 0.0107068 0.00473812 0.013041
63 0.00515608 0.0113805 0.00506034 0.013856
65 0.00549021 0.0120597 0.00538881 0.0146769
67 0.00582622 0.0127419 0.0057191 0.0155
69 0.0061636 0.0134261 0.00605073 0.0163249
71 0.0065065 0.0141147 0.00638788 0.0171543
73 0.00685815 0.0148093 0.00673366 0.01799
75 0.00721481 0.015506 0.00708441 0.018827
77 0.00757258 0.0162003 0.00743627 0.01966
79 0.00793148 0.0168917 0.00778927 0.0204889
81 0.0082949 0.0175847 0.00814671 0.0213189
83 0.00866296 0.0182814 0.00850877 0.0221522
85 0.00903043 0.0189771 0.0088703 0.0229825
87 0.00939616 0.01967 0.00923017 0.0238077
89 0.00976269 0.0203597 0.00959088 0.0246281
91 0.0101332 0.0210456 0.0099556 0.0254434
93 0.0105065 0.0217248 0.010323 0.02625
95 0.0108801 0.0223979 0.0106908 0.0270483
97 0.0112541 0.0230684 0.0110591 0.0278426
99 0.0116272 0.023734 0.0114264 0.0286301
101 0.0119994 0.0243922 0.011793 0.0294081
106 0.0129475 0.0260354 0.0127269 0.0313445
111 0.0139027 0.02766 0.0136682 0.0332496
116 0.0148731 0.0292768 0.0146247 0.0351356
121 0.0158326 0.0308604 0.0155707 0.0369696
126 0.0168015 0.0323996 0.0165264 0.0387438
131 0.0177474 0.0338736 0.0174598 0.0404307
136 0.0186533 0.035242 0.0183551 0.0419855
141 0.0194886 0.0364916 0.0191814 0.0433917
146 0.0202353 0.0375947 0.019921 0.0446147
151 0.0208636 0.0385173 0.0205444 0.0456154
156 0.021403 0.0392621 0.0210802 0.046401
161 0.0218007 0.0397828 0.021477 0.046921
166 0.022144 0.0401689 0.0218204 0.0472808
171 0.0223857 0.0403841 0.0220637 0.0474387
176 0.0225587 0.0404844 0.0222395 0.0474601
181 0.0226794 0.0404823 0.0223634 0.0473613
186 0.0227481 0.0403769 0.0224363 0.0471422
191 0.0227754 0.0401937 0.0224684 0.0468313
196 0.0227628 0.0399588 0.0224613 0.0464598
201 0.0226922 0.0396507 0.0223971 0.0460054
206 0.0225946 0.0392827 0.0223065 0.0454836
211 0.0224664 0.0388722 0.0221857 0.0449132
216 0.0222872 0.0383907 0.0220146 0.0442635
221 0.0220473 0.037834 0.0217835 0.0435302
226 0.0217699 0.0372114 0.0215156 0.0427249
231 0.0214305 0.0364955 0.0211862 0.0418181
236 0.0210337 0.0356908 0.0208001 0.040814
241 0.0205815 0.0348195 0.0203593 0.0397376
246 0.0200793 0.0338919 0.0198693 0.0386023
251 0.0195261 0.0329034 0.0193287 0.0374041
256 0.0189423 0.0318585 0.0187574 0.0361482
261 0.0183303 0.0307731 0.0181578 0.034851
266 0.0176879 0.0296574 0.0175278 0.0335252
271 0.0170131 0.0285153 0.0168655 0.0321767
276 0.0163365 0.0273656 0.0162013 0.0308254
281 0.015654 0.0262151 0.0155305 0.0294773
286 0.0149659 0.0250727 0.0148535 0.0281424
291 0.0142813 0.0239454 0.0141795 0.0268291
296 0.0136092 0.0228384 0.0135179 0.0255428
301 0.012947 0.0217619 0.0128655 0.0242938
306 0.0123004 0.0207247 0.012228 0.0230915
311 0.0116688 0.0197096 0.0116047 0.0219181
316 0.01106 0.0187285 0.0110035 0.0207846
321 0.0104771 0.0177938 0.0104276 0.0197025
326 0.00992624 0.0169143 0.00988282 0.0186818
331 0.0094029 0.016089 0.00936492 0.0177224
336 0.00890813 0.0153118 0.00887514 0.016817
341 0.00844017 0.0145802 0.00841175 0.0159618
346 0.00800133 0.0138968 0.00797704 0.0151601
351 0.00759315 0.0132592 0.00757239 0.01441
356 0.00721437 0.0126657 0.00719637 0.0137097
361 0.00685876 0.0121143 0.00684298 0.0130577
366 0.00652889 0.0116049 0.00651503 0.0124536
371 0.00622534 0.0111348 0.00621326 0.0118945
376 0.00594567 0.0106997 0.00593516 0.0113765
381 0.00568725 0.0102983 0.00567807 0.0108986
386 0.00544896 0.00993197 0.00544084 0.0104628
391 0.00522974 0.00959924 0.00522251 0.0100672
396 0.00502803 0.00929507 0.00502156 0.00970624
401 0.00484197 0.00901532 0.00483612 0.00937524
406 0.00467118 0.00875816 0.00466585 0.00907204
411 0.00451523 0.00852207 0.00451039 0.00879479
416 0.00437336 0.00830553 0.00436907 0.00854175
421 0.00424301 0.00810799 0.00423927 0.00831182
426 0.004123 0.00792749 0.0041197 0.00810271
431 0.00401377 0.00776058 0.00401083 0.00791096
436 0.00391393 0.0076062 0.0039113 0.00773515
441 0.00382152 0.00746393 0.00381912 0.00757428
446 0.0037366 0.00733268 0.00373437 0.00742687
451 0.00365875 0.00721147 0.00365667 0.00729161
456 0.00358764 0.00709938 0.00358571 0.00716732
461 0.00352222 0.00699507 0.00352049 0.00705238
466 0.00346123 0.00689801 0.0034597 0.00694625
471 0.00340419 0.00680707 0.00340281 0.00684777
476 0.00335091 0.00672105 0.00334969 0.0067553
481 0.00330125 0.00663907 0.00330019 0.0066677
486 0.00325485 0.00656122 0.00325395 0.00658511
491 0.00321095 0.00648721 0.00321019 0.00650721
496 0.00316903 0.00641632 0.0031684 0.00643307
501 0.003129 0.00634823 0.00312845 0.00636218
506 0.00309082 0.00628284 0.00309033 0.00629443
