10 0.00128415 0.00122475 0.00128025 0.00149657
11 0.00327999 0.0030982 0.00326948 0.00379305
12 0.00664279 0.00626783 0.0066259 0.00768183
13 0.0111383 0.0103893 0.0111114 0.0127416
14 0.0157213 0.0142188 0.0156745 0.0174429
15 0.0192583 0.0164075 0.019173 0.0201263
16 0.0214932 0.0166841 0.0213412 0.0204623
17 0.0232814 0.0161764 0.0230263 0.0198494
18 0.0256733 0.016373 0.0252813 0.0201317
19 0.0290404 0.0179412 0.0284952 0.0221338
20 0.0330239 0.0205279 0.0323348 0.0254109
21 0.0369145 0.023292 0.0361155 0.0289092
22 0.040125 0.0255728 0.039265 0.0318002
23 0.0422231 0.026987 0.0413538 0.0336063
24 0.0431665 0.0275393 0.0423327 0.0343353
25 0.0431927 0.0274808 0.0424269 0.0343034
26 0.0427094 0.0271512 0.0420278 0.0339382
27 0.0420929 0.0268336 0.0414969 0.0335953
28 0.0416216 0.0267122 0.0411005 0.033504
29 0.0414282 0.0268441 0.0409642 0.0337314
30 0.0415829 0.0272272 0.0411548 0.0342699
31 0.0420508 0.0278191 0.0416383 0.0350647
32 0.0427875 0.0285806 0.042373 0.0360668
33 0.0437244 0.0294683 0.0432949 0.0372232
34 0.0447433 0.0304118 0.0442916 0.038447
35 0.0458713 0.0314288 0.0453911 0.0397604
36 0.0471226 0.0325198 0.0466091 0.0411641
37 0.0483811 0.0336009 0.0478347 0.0425527
38 0.0496216 0.034643 0.0490444 0.0438892
39 0.0508654 0.0356448 0.0502601 0.0451716
40 0.0521078 0.0365954 0.051478 0.0463859
41 0.0533409 0.0374889 0.0526907 0.0475244
42 0.0545433 0.0383237 0.0538773 0.0485859
43 0.0557017 0.0390971 0.0550244 0.049567
44 0.0567898 0.0398052 0.0561058 0.0504624
45 0.0578023 0.0404537 0.057116 0.0512803
46 0.0587191 0.0410404 0.0580343 0.0520177
47 0.0595471 0.0415735 0.0588671 0.0526855
48 0.0602802 0.0420521 0.0596076 0.0532823
49 0.0609396 0.0424848 0.0602764 0.0538189
50 0.0615178 0.0428682 0.0608653 0.0542907
51 0.0620285 0.0432102 0.0613873 0.0547077
53 0.062902 0.0438076 0.0622836 0.0554241
55 0.0636191 0.0443319 0.0630204 0.0560354
57 0.0642271 0.0448163 0.0636436 0.0565828
59 0.0647469 0.0452588 0.0641746 0.0570653
61 0.0652261 0.0456539 0.0646617 0.0574788
63 0.065695 0.0460252 0.0651372 0.057855
65 0.0661003 0.0463293 0.0655497 0.0581395
67 0.0664735 0.0465849 0.0659297 0.0583568
69 0.066809 0.0467938 0.0662714 0.0585109
71 0.06707 0.0469254 0.0665402 0.0585649
73 0.0672721 0.0469917 0.0667514 0.0585342
75 0.0673905 0.0469956 0.0668803 0.0584222
77 0.0673949 0.0469309 0.066896 0.0582211
79 0.0672792 0.0467981 0.0667925 0.0579329
81 0.067066 0.0465989 0.0665925 0.0575616
83 0.0667669 0.0463371 0.0663072 0.0571117
85 0.0663789 0.0460228 0.0659331 0.0565957
87 0.0658959 0.0456625 0.0654639 0.0560216
89 0.065325 0.0452559 0.0649067 0.0553906
91 0.0646878 0.0448023 0.0642835 0.0547032
93 0.0640018 0.0443101 0.0636116 0.0539702
95 0.0632646 0.0437889 0.0628884 0.0532029
97 0.0624645 0.0432375 0.062102 0.0524005
99 0.0616016 0.0426517 0.0612527 0.0515587
101 0.0606891 0.0420308 0.060354 0.0506779
106 0.0582358 0.0403516 0.0579354 0.0483409
111 0.0555336 0.0385172 0.0552661 0.0458489
116 0.0526824 0.0365633 0.0524473 0.0432457
121 0.0497082 0.0345287 0.0495037 0.0405791
126 0.0466547 0.0324402 0.0464791 0.0378813
131 0.0435671 0.0303485 0.0434173 0.0352099
136 0.040522 0.0282992 0.0403957 0.0326175
141 0.0375583 0.0263266 0.037453 0.0301412
146 0.0347138 0.0244519 0.0346271 0.0278045
151 0.031974 0.0226782 0.0319035 0.0256079
156 0.0294007 0.0210223 0.0293445 0.0235683
161 0.0270091 0.019495 0.0269655 0.0216967
166 0.0248035 0.0180944 0.0247704 0.0199895
171 0.0227993 0.0168367 0.0227745 0.018461
176 0.0209951 0.0157243 0.0209768 0.0171117
181 0.0193767 0.0147445 0.0193634 0.0159263
186 0.0179421 0.013889 0.0179334 0.0148933
191 0.0166864 0.0131522 0.0166814 0.0140036
196 0.0155968 0.0125215 0.0155946 0.0132412
201 0.0146469 0.0119833 0.0146468 0.0125907
206 0.0138245 0.011529 0.0138251 0.0120406
211 0.01312 0.0111529 0.0131208 0.0115832
216 0.0125162 0.0108432 0.0125178 0.0112049
221 0.0119982 0.0105875 0.0120007 0.010891
226 0.0115553 0.0103774 0.0115582 0.0106323
231 0.0111747 0.0102069 0.0111774 0.0104209
236 0.0108454 0.0100685 0.0108479 0.0102478
241 0.0105623 0.00995744 0.0105645 0.0101076
246 0.0103195 0.00986945 0.0103216 0.00999505
251 0.0101088 0.00979907 0.0101108 0.009904
256 0.00992426 0.00974296 0.00992594 0.00983075
261 0.00976172 0.00969794 0.00976317 0.00977152
266 0.00961766 0.00966098 0.009619 0.00972246
271 0.00948805 0.00962958 0.00948928 0.00968057
276 0.00936986 0.0096025 0.00937097 0.00964475
281 0.00926078 0.00957918 0.00926183 0.00961437
286 0.00915869 0.00955822 0.00915969 0.00958768
291 0.00906164 0.00953783 0.00906253 0.00956246
296 0.00896776 0.00951701 0.00896854 0.00953752
